<html>
<body>
<pre>
<h1>礦ision Build Log</h1>
<h2>Tool Versions:</h2>
IDE-Version: μVision V5.43.1.0
Copyright (C) 2025 ARM Ltd and ARM Germany GmbH. All rights reserved.
License Information: xyz xyz, xyz, LIC=32B1Q-NFPY3-ARDXW-Q1SPD-VPY1U-QQZ4T
 
Tool Versions:
Toolchain:       MDK-ARM Plus  Version: 5.43.0.0
Toolchain Path:  C:\Users\32273\AppData\Local\Keil_v5\ARM\ARM_Compiler_5.06u7\Bin
C Compiler:      Armcc.exe V5.06 update 7 (build 960)
Assembler:       Armasm.exe V5.06 update 7 (build 960)
Linker/Locator:  ArmLink.exe V5.06 update 7 (build 960)
Library Manager: ArmAr.exe V5.06 update 7 (build 960)
Hex Converter:   FromElf.exe V5.06 update 7 (build 960)
CPU DLL:         SARMCM3.DLL V5.43.0.0
Dialog DLL:      DCM.DLL V1.17.5.0
Target DLL:      STLink\ST-LINKIII-KEIL_SWO.dll V3.3.1.0
Dialog DLL:      TCM.DLL V1.56.6.0
 
<h2>Project:</h2>
C:\Users\32273\Desktop\My_Project\Weather_Clock\2_stm32f407_Timer_Usart\Project.uvprojx
Project File Date:  09/16/2025

<h2>Output:</h2>
*** Using Compiler 'V5.06 update 7 (build 960)', folder: 'C:\Users\32273\AppData\Local\Keil_v5\ARM\ARM_Compiler_5.06u7\Bin'
Build target 'Target_1'
compiling LCD_Timer.c...
compiling main.c...
User\main.c(110): warning:  #177-D: variable "a"  was declared but never referenced
  	uint16_t a = 128;   //测试变量
User\main.c(111): warning:  #177-D: variable "b"  was declared but never referenced
  	float b = 9.123456; //测试变量	
User\main.c: 2 warnings, 0 errors
linking...
Program Size: Code=3436 RO-data=552 RW-data=48 ZI-data=1024  
".\Objects\Project.axf" - 0 Error(s), 2 Warning(s).

<h2>Software Packages used:</h2>

Package Vendor: Keil
                https://www.keil.com/pack/Keil.STM32F4xx_DFP.3.1.1.pack
                Keil::STM32F4xx_DFP@3.1.1
                STMicroelectronics STM32F4 Series Device Support

<h2>Collection of Component include folders:</h2>

<h2>Collection of Component Files used:</h2>
Build Time Elapsed:  00:00:03
</pre>
</body>
</html>
