Component: ARM Compiler 5.06 update 7 (build 960) Tool: armlink [4d3601]

==============================================================================

Section Cross References

    startup_stm32f40_41xxx.o(RESET) refers to startup_stm32f40_41xxx.o(STACK) for __initial_sp
    startup_stm32f40_41xxx.o(RESET) refers to startup_stm32f40_41xxx.o(.text) for Reset_Handler
    startup_stm32f40_41xxx.o(RESET) refers to stm32f4xx_it.o(i.NMI_Handler) for NMI_Handler
    startup_stm32f40_41xxx.o(RESET) refers to stm32f4xx_it.o(i.HardFault_Handler) for HardFault_Handler
    startup_stm32f40_41xxx.o(RESET) refers to stm32f4xx_it.o(i.MemManage_Handler) for MemManage_Handler
    startup_stm32f40_41xxx.o(RESET) refers to stm32f4xx_it.o(i.BusFault_Handler) for BusFault_Handler
    startup_stm32f40_41xxx.o(RESET) refers to stm32f4xx_it.o(i.UsageFault_Handler) for UsageFault_Handler
    startup_stm32f40_41xxx.o(RESET) refers to stm32f4xx_it.o(i.SVC_Handler) for SVC_Handler
    startup_stm32f40_41xxx.o(RESET) refers to stm32f4xx_it.o(i.DebugMon_Handler) for DebugMon_Handler
    startup_stm32f40_41xxx.o(RESET) refers to stm32f4xx_it.o(i.PendSV_Handler) for PendSV_Handler
    startup_stm32f40_41xxx.o(.text) refers to system_stm32f4xx.o(i.SystemInit) for SystemInit
    startup_stm32f40_41xxx.o(.text) refers to entry.o(.ARM.Collect$$$$00000000) for __main
    stm32f4xx_adc.o(i.ADC_DeInit) refers to stm32f4xx_rcc.o(i.RCC_APB2PeriphResetCmd) for RCC_APB2PeriphResetCmd
    stm32f4xx_can.o(i.CAN_DeInit) refers to stm32f4xx_rcc.o(i.RCC_APB1PeriphResetCmd) for RCC_APB1PeriphResetCmd
    stm32f4xx_can.o(i.CAN_GetITStatus) refers to stm32f4xx_can.o(i.CheckITStatus) for CheckITStatus
    stm32f4xx_cryp.o(i.CRYP_DeInit) refers to stm32f4xx_rcc.o(i.RCC_AHB2PeriphResetCmd) for RCC_AHB2PeriphResetCmd
    stm32f4xx_cryp_aes.o(i.CRYP_AES_CBC) refers to stm32f4xx_cryp.o(i.CRYP_KeyStructInit) for CRYP_KeyStructInit
    stm32f4xx_cryp_aes.o(i.CRYP_AES_CBC) refers to stm32f4xx_cryp.o(i.CRYP_FIFOFlush) for CRYP_FIFOFlush
    stm32f4xx_cryp_aes.o(i.CRYP_AES_CBC) refers to stm32f4xx_cryp.o(i.CRYP_Init) for CRYP_Init
    stm32f4xx_cryp_aes.o(i.CRYP_AES_CBC) refers to stm32f4xx_cryp.o(i.CRYP_KeyInit) for CRYP_KeyInit
    stm32f4xx_cryp_aes.o(i.CRYP_AES_CBC) refers to stm32f4xx_cryp.o(i.CRYP_Cmd) for CRYP_Cmd
    stm32f4xx_cryp_aes.o(i.CRYP_AES_CBC) refers to stm32f4xx_cryp.o(i.CRYP_GetFlagStatus) for CRYP_GetFlagStatus
    stm32f4xx_cryp_aes.o(i.CRYP_AES_CBC) refers to stm32f4xx_cryp.o(i.CRYP_IVInit) for CRYP_IVInit
    stm32f4xx_cryp_aes.o(i.CRYP_AES_CBC) refers to stm32f4xx_cryp.o(i.CRYP_GetCmdStatus) for CRYP_GetCmdStatus
    stm32f4xx_cryp_aes.o(i.CRYP_AES_CBC) refers to stm32f4xx_cryp.o(i.CRYP_DataIn) for CRYP_DataIn
    stm32f4xx_cryp_aes.o(i.CRYP_AES_CBC) refers to stm32f4xx_cryp.o(i.CRYP_DataOut) for CRYP_DataOut
    stm32f4xx_cryp_aes.o(i.CRYP_AES_CCM) refers to stm32f4xx_cryp.o(i.CRYP_KeyStructInit) for CRYP_KeyStructInit
    stm32f4xx_cryp_aes.o(i.CRYP_AES_CCM) refers to stm32f4xx_cryp.o(i.CRYP_FIFOFlush) for CRYP_FIFOFlush
    stm32f4xx_cryp_aes.o(i.CRYP_AES_CCM) refers to stm32f4xx_cryp.o(i.CRYP_KeyInit) for CRYP_KeyInit
    stm32f4xx_cryp_aes.o(i.CRYP_AES_CCM) refers to stm32f4xx_cryp.o(i.CRYP_IVInit) for CRYP_IVInit
    stm32f4xx_cryp_aes.o(i.CRYP_AES_CCM) refers to stm32f4xx_cryp.o(i.CRYP_Init) for CRYP_Init
    stm32f4xx_cryp_aes.o(i.CRYP_AES_CCM) refers to stm32f4xx_cryp.o(i.CRYP_PhaseConfig) for CRYP_PhaseConfig
    stm32f4xx_cryp_aes.o(i.CRYP_AES_CCM) refers to stm32f4xx_cryp.o(i.CRYP_DataIn) for CRYP_DataIn
    stm32f4xx_cryp_aes.o(i.CRYP_AES_CCM) refers to stm32f4xx_cryp.o(i.CRYP_Cmd) for CRYP_Cmd
    stm32f4xx_cryp_aes.o(i.CRYP_AES_CCM) refers to stm32f4xx_cryp.o(i.CRYP_GetCmdStatus) for CRYP_GetCmdStatus
    stm32f4xx_cryp_aes.o(i.CRYP_AES_CCM) refers to stm32f4xx_cryp.o(i.CRYP_GetFlagStatus) for CRYP_GetFlagStatus
    stm32f4xx_cryp_aes.o(i.CRYP_AES_CCM) refers to stm32f4xx_cryp.o(i.CRYP_DataOut) for CRYP_DataOut
    stm32f4xx_cryp_aes.o(i.CRYP_AES_CTR) refers to stm32f4xx_cryp.o(i.CRYP_KeyStructInit) for CRYP_KeyStructInit
    stm32f4xx_cryp_aes.o(i.CRYP_AES_CTR) refers to stm32f4xx_cryp.o(i.CRYP_KeyInit) for CRYP_KeyInit
    stm32f4xx_cryp_aes.o(i.CRYP_AES_CTR) refers to stm32f4xx_cryp.o(i.CRYP_Init) for CRYP_Init
    stm32f4xx_cryp_aes.o(i.CRYP_AES_CTR) refers to stm32f4xx_cryp.o(i.CRYP_IVInit) for CRYP_IVInit
    stm32f4xx_cryp_aes.o(i.CRYP_AES_CTR) refers to stm32f4xx_cryp.o(i.CRYP_FIFOFlush) for CRYP_FIFOFlush
    stm32f4xx_cryp_aes.o(i.CRYP_AES_CTR) refers to stm32f4xx_cryp.o(i.CRYP_Cmd) for CRYP_Cmd
    stm32f4xx_cryp_aes.o(i.CRYP_AES_CTR) refers to stm32f4xx_cryp.o(i.CRYP_GetCmdStatus) for CRYP_GetCmdStatus
    stm32f4xx_cryp_aes.o(i.CRYP_AES_CTR) refers to stm32f4xx_cryp.o(i.CRYP_DataIn) for CRYP_DataIn
    stm32f4xx_cryp_aes.o(i.CRYP_AES_CTR) refers to stm32f4xx_cryp.o(i.CRYP_GetFlagStatus) for CRYP_GetFlagStatus
    stm32f4xx_cryp_aes.o(i.CRYP_AES_CTR) refers to stm32f4xx_cryp.o(i.CRYP_DataOut) for CRYP_DataOut
[...]
    Removing stm32f4xx_sdio.o(i.SDIO_ClearITPendingBit), (12 bytes).
    Removing stm32f4xx_sdio.o(i.SDIO_ClockCmd), (12 bytes).
    Removing stm32f4xx_sdio.o(i.SDIO_CmdStructInit), (14 bytes).
    Removing stm32f4xx_sdio.o(i.SDIO_CommandCompletionCmd), (12 bytes).
    Removing stm32f4xx_sdio.o(i.SDIO_DMACmd), (12 bytes).
    Removing stm32f4xx_sdio.o(i.SDIO_DataConfig), (52 bytes).
    Removing stm32f4xx_sdio.o(i.SDIO_DataStructInit), (20 bytes).
    Removing stm32f4xx_sdio.o(i.SDIO_DeInit), (22 bytes).
    Removing stm32f4xx_sdio.o(i.SDIO_GetCommandResponse), (12 bytes).
    Removing stm32f4xx_sdio.o(i.SDIO_GetDataCounter), (12 bytes).
    Removing stm32f4xx_sdio.o(i.SDIO_GetFIFOCount), (12 bytes).
    Removing stm32f4xx_sdio.o(i.SDIO_GetFlagStatus), (24 bytes).
    Removing stm32f4xx_sdio.o(i.SDIO_GetITStatus), (24 bytes).
    Removing stm32f4xx_sdio.o(i.SDIO_GetPowerState), (16 bytes).
    Removing stm32f4xx_sdio.o(i.SDIO_GetResponse), (24 bytes).
    Removing stm32f4xx_sdio.o(i.SDIO_ITConfig), (32 bytes).
    Removing stm32f4xx_sdio.o(i.SDIO_Init), (48 bytes).
    Removing stm32f4xx_sdio.o(i.SDIO_ReadData), (12 bytes).
    Removing stm32f4xx_sdio.o(i.SDIO_SendCEATACmd), (12 bytes).
    Removing stm32f4xx_sdio.o(i.SDIO_SendCommand), (44 bytes).
    Removing stm32f4xx_sdio.o(i.SDIO_SendSDIOSuspendCmd), (12 bytes).
    Removing stm32f4xx_sdio.o(i.SDIO_SetPowerState), (12 bytes).
    Removing stm32f4xx_sdio.o(i.SDIO_SetSDIOOperation), (12 bytes).
    Removing stm32f4xx_sdio.o(i.SDIO_SetSDIOReadWaitMode), (12 bytes).
    Removing stm32f4xx_sdio.o(i.SDIO_StartSDIOReadWait), (12 bytes).
    Removing stm32f4xx_sdio.o(i.SDIO_StopSDIOReadWait), (12 bytes).
    Removing stm32f4xx_sdio.o(i.SDIO_StructInit), (16 bytes).
    Removing stm32f4xx_sdio.o(i.SDIO_WriteData), (12 bytes).
    Removing stm32f4xx_spdifrx.o(.rev16_text), (4 bytes).
    Removing stm32f4xx_spdifrx.o(.revsh_text), (4 bytes).
    Removing stm32f4xx_spdifrx.o(.rrx_text), (6 bytes).
    Removing stm32f4xx_spi.o(.rev16_text), (4 bytes).
    Removing stm32f4xx_spi.o(.revsh_text), (4 bytes).
    Removing stm32f4xx_spi.o(.rrx_text), (6 bytes).
    Removing stm32f4xx_spi.o(i.I2S_Cmd), (24 bytes).
    Removing stm32f4xx_spi.o(i.I2S_FullDuplexConfig), (80 bytes).
    Removing stm32f4xx_spi.o(i.I2S_Init), (420 bytes).
    Removing stm32f4xx_spi.o(i.I2S_StructInit), (20 bytes).
    Removing stm32f4xx_spi.o(i.SPI_BiDirectionalLineConfig), (28 bytes).
    Removing stm32f4xx_spi.o(i.SPI_CalculateCRC), (24 bytes).
    Removing stm32f4xx_spi.o(i.SPI_DataSizeConfig), (18 bytes).
    Removing stm32f4xx_spi.o(i.SPI_GetCRC), (16 bytes).
    Removing stm32f4xx_spi.o(i.SPI_GetCRCPolynomial), (6 bytes).
    Removing stm32f4xx_spi.o(i.SPI_I2S_ClearFlag), (6 bytes).
    Removing stm32f4xx_spi.o(i.SPI_I2S_ClearITPendingBit), (20 bytes).
    Removing stm32f4xx_spi.o(i.SPI_I2S_DMACmd), (18 bytes).
    Removing stm32f4xx_spi.o(i.SPI_I2S_DeInit), (176 bytes).
    Removing stm32f4xx_spi.o(i.SPI_I2S_GetFlagStatus), (18 bytes).
    Removing stm32f4xx_spi.o(i.SPI_I2S_GetITStatus), (52 bytes).
    Removing stm32f4xx_spi.o(i.SPI_I2S_ITConfig), (32 bytes).
    Removing stm32f4xx_spi.o(i.SPI_I2S_ReceiveData), (6 bytes).
    Removing stm32f4xx_spi.o(i.SPI_I2S_SendData), (4 bytes).
    Removing stm32f4xx_spi.o(i.SPI_NSSInternalSoftwareConfig), (30 bytes).
    Removing stm32f4xx_spi.o(i.SPI_SSOutputCmd), (24 bytes).
    Removing stm32f4xx_spi.o(i.SPI_StructInit), (24 bytes).
    Removing stm32f4xx_spi.o(i.SPI_TIModeCmd), (24 bytes).
    Removing stm32f4xx_spi.o(i.SPI_TransmitCRC), (10 bytes).
    Removing stm32f4xx_syscfg.o(.rev16_text), (4 bytes).
    Removing stm32f4xx_syscfg.o(.revsh_text), (4 bytes).
    Removing stm32f4xx_syscfg.o(.rrx_text), (6 bytes).
    Removing stm32f4xx_syscfg.o(i.SYSCFG_CompensationCellCmd), (12 bytes).
    Removing stm32f4xx_syscfg.o(i.SYSCFG_DeInit), (22 bytes).
    Removing stm32f4xx_syscfg.o(i.SYSCFG_ETH_MediaInterfaceConfig), (12 bytes).
    Removing stm32f4xx_syscfg.o(i.SYSCFG_EXTILineConfig), (64 bytes).
    Removing stm32f4xx_syscfg.o(i.SYSCFG_GetCompensationCellStatus), (24 bytes).
    Removing stm32f4xx_syscfg.o(i.SYSCFG_MemoryRemapConfig), (12 bytes).
    Removing stm32f4xx_syscfg.o(i.SYSCFG_MemorySwappingBank), (12 bytes).
    Removing stm32f4xx_tim.o(.rev16_text), (4 bytes).
    Removing stm32f4xx_tim.o(.revsh_text), (4 bytes).
    Removing stm32f4xx_tim.o(.rrx_text), (6 bytes).
    Removing stm32f4xx_tim.o(i.TI1_Config), (58 bytes).
    Removing stm32f4xx_tim.o(i.TI2_Config), (80 bytes).
    Removing stm32f4xx_tim.o(i.TI3_Config), (72 bytes).
    Removing stm32f4xx_tim.o(i.TI4_Config), (80 bytes).
    Removing stm32f4xx_tim.o(i.TIM_ARRPreloadConfig), (24 bytes).
    Removing stm32f4xx_tim.o(i.TIM_BDTRConfig), (32 bytes).
    Removing stm32f4xx_tim.o(i.TIM_BDTRStructInit), (18 bytes).
    Removing stm32f4xx_tim.o(i.TIM_CCPreloadControl), (24 bytes).
    Removing stm32f4xx_tim.o(i.TIM_CCxCmd), (30 bytes).
    Removing stm32f4xx_tim.o(i.TIM_CCxNCmd), (30 bytes).
    Removing stm32f4xx_tim.o(i.TIM_ClearFlag), (6 bytes).
    Removing stm32f4xx_tim.o(i.TIM_ClearITPendingBit), (6 bytes).
    Removing stm32f4xx_tim.o(i.TIM_ClearOC1Ref), (18 bytes).
    Removing stm32f4xx_tim.o(i.TIM_ClearOC2Ref), (24 bytes).
    Removing stm32f4xx_tim.o(i.TIM_ClearOC3Ref), (18 bytes).
    Removing stm32f4xx_tim.o(i.TIM_ClearOC4Ref), (24 bytes).
    Removing stm32f4xx_tim.o(i.TIM_Cmd), (24 bytes).
    Removing stm32f4xx_tim.o(i.TIM_CounterModeConfig), (18 bytes).
    Removing stm32f4xx_tim.o(i.TIM_CtrlPWMOutputs), (30 bytes).
    Removing stm32f4xx_tim.o(i.TIM_DMACmd), (18 bytes).
    Removing stm32f4xx_tim.o(i.TIM_DMAConfig), (10 bytes).
    Removing stm32f4xx_tim.o(i.TIM_DeInit), (400 bytes).
    Removing stm32f4xx_tim.o(i.TIM_ETRClockMode1Config), (54 bytes).
    Removing stm32f4xx_tim.o(i.TIM_ETRClockMode2Config), (32 bytes).
    Removing stm32f4xx_tim.o(i.TIM_ETRConfig), (28 bytes).
    Removing stm32f4xx_tim.o(i.TIM_EncoderInterfaceConfig), (66 bytes).
    Removing stm32f4xx_tim.o(i.TIM_ForcedOC1Config), (18 bytes).
    Removing stm32f4xx_tim.o(i.TIM_ForcedOC2Config), (26 bytes).
    Removing stm32f4xx_tim.o(i.TIM_ForcedOC3Config), (18 bytes).
    Removing stm32f4xx_tim.o(i.TIM_ForcedOC4Config), (26 bytes).
    Removing stm32f4xx_tim.o(i.TIM_GenerateEvent), (4 bytes).
    Removing stm32f4xx_tim.o(i.TIM_GetCapture1), (6 bytes).
    Removing stm32f4xx_tim.o(i.TIM_GetCapture2), (6 bytes).
    Removing stm32f4xx_tim.o(i.TIM_GetCapture3), (6 bytes).
    Removing stm32f4xx_tim.o(i.TIM_GetCapture4), (6 bytes).
    Removing stm32f4xx_tim.o(i.TIM_GetCounter), (6 bytes).
    Removing stm32f4xx_tim.o(i.TIM_GetFlagStatus), (18 bytes).
    Removing stm32f4xx_tim.o(i.TIM_GetITStatus), (34 bytes).
    Removing stm32f4xx_tim.o(i.TIM_GetPrescaler), (6 bytes).
    Removing stm32f4xx_tim.o(i.TIM_ICInit), (110 bytes).
    Removing stm32f4xx_tim.o(i.TIM_ICStructInit), (18 bytes).
    Removing stm32f4xx_tim.o(i.TIM_ITConfig), (18 bytes).
    Removing stm32f4xx_tim.o(i.TIM_ITRxExternalClockConfig), (24 bytes).
    Removing stm32f4xx_tim.o(i.TIM_InternalClockConfig), (12 bytes).
    Removing stm32f4xx_tim.o(i.TIM_OC1FastConfig), (18 bytes).
    Removing stm32f4xx_tim.o(i.TIM_OC1Init), (124 bytes).
    Removing stm32f4xx_tim.o(i.TIM_OC1NPolarityConfig), (18 bytes).
    Removing stm32f4xx_tim.o(i.TIM_OC1PolarityConfig), (18 bytes).
    Removing stm32f4xx_tim.o(i.TIM_OC1PreloadConfig), (18 bytes).
    Removing stm32f4xx_tim.o(i.TIM_OC2FastConfig), (26 bytes).
    Removing stm32f4xx_tim.o(i.TIM_OC2Init), (164 bytes).
    Removing stm32f4xx_tim.o(i.TIM_OC2NPolarityConfig), (26 bytes).
    Removing stm32f4xx_tim.o(i.TIM_OC2PolarityConfig), (26 bytes).
    Removing stm32f4xx_tim.o(i.TIM_OC2PreloadConfig), (26 bytes).
    Removing stm32f4xx_tim.o(i.TIM_OC3FastConfig), (18 bytes).
    Removing stm32f4xx_tim.o(i.TIM_OC3Init), (160 bytes).
    Removing stm32f4xx_tim.o(i.TIM_OC3NPolarityConfig), (26 bytes).
    Removing stm32f4xx_tim.o(i.TIM_OC3PolarityConfig), (26 bytes).
    Removing stm32f4xx_tim.o(i.TIM_OC3PreloadConfig), (18 bytes).
    Removing stm32f4xx_tim.o(i.TIM_OC4FastConfig), (26 bytes).
    Removing stm32f4xx_tim.o(i.TIM_OC4Init), (120 bytes).
    Removing stm32f4xx_tim.o(i.TIM_OC4PolarityConfig), (26 bytes).
    Removing stm32f4xx_tim.o(i.TIM_OC4PreloadConfig), (26 bytes).
    Removing stm32f4xx_tim.o(i.TIM_OCStructInit), (20 bytes).
    Removing stm32f4xx_tim.o(i.TIM_PWMIConfig), (124 bytes).
    Removing stm32f4xx_tim.o(i.TIM_PrescalerConfig), (6 bytes).
    Removing stm32f4xx_tim.o(i.TIM_RemapConfig), (6 bytes).
    Removing stm32f4xx_tim.o(i.TIM_SelectCCDMA), (24 bytes).
    Removing stm32f4xx_tim.o(i.TIM_SelectCOM), (24 bytes).
    Removing stm32f4xx_tim.o(i.TIM_SelectHallSensor), (24 bytes).
    Removing stm32f4xx_tim.o(i.TIM_SelectInputTrigger), (18 bytes).
    Removing stm32f4xx_tim.o(i.TIM_SelectMasterSlaveMode), (18 bytes).
    Removing stm32f4xx_tim.o(i.TIM_SelectOCxM), (86 bytes).
    Removing stm32f4xx_tim.o(i.TIM_SelectOnePulseMode), (18 bytes).
    Removing stm32f4xx_tim.o(i.TIM_SelectOutputTrigger), (18 bytes).
    Removing stm32f4xx_tim.o(i.TIM_SelectSlaveMode), (18 bytes).
    Removing stm32f4xx_tim.o(i.TIM_SetAutoreload), (4 bytes).
    Removing stm32f4xx_tim.o(i.TIM_SetClockDivision), (18 bytes).
    Removing stm32f4xx_tim.o(i.TIM_SetCompare1), (4 bytes).
    Removing stm32f4xx_tim.o(i.TIM_SetCompare2), (4 bytes).
    Removing stm32f4xx_tim.o(i.TIM_SetCompare3), (4 bytes).
    Removing stm32f4xx_tim.o(i.TIM_SetCompare4), (4 bytes).
    Removing stm32f4xx_tim.o(i.TIM_SetCounter), (4 bytes).
    Removing stm32f4xx_tim.o(i.TIM_SetIC1Prescaler), (18 bytes).
    Removing stm32f4xx_tim.o(i.TIM_SetIC2Prescaler), (26 bytes).
    Removing stm32f4xx_tim.o(i.TIM_SetIC3Prescaler), (18 bytes).
    Removing stm32f4xx_tim.o(i.TIM_SetIC4Prescaler), (26 bytes).
    Removing stm32f4xx_tim.o(i.TIM_TIxExternalClockConfig), (62 bytes).
    Removing stm32f4xx_tim.o(i.TIM_TimeBaseInit), (132 bytes).
    Removing stm32f4xx_tim.o(i.TIM_TimeBaseStructInit), (18 bytes).
    Removing stm32f4xx_tim.o(i.TIM_UpdateDisableConfig), (24 bytes).
    Removing stm32f4xx_tim.o(i.TIM_UpdateRequestConfig), (24 bytes).
    Removing stm32f4xx_usart.o(.rev16_text), (4 bytes).
    Removing stm32f4xx_usart.o(.revsh_text), (4 bytes).
    Removing stm32f4xx_usart.o(.rrx_text), (6 bytes).
    Removing stm32f4xx_usart.o(i.USART_ClearFlag), (18 bytes).
    Removing stm32f4xx_usart.o(i.USART_ClearITPendingBit), (30 bytes).
    Removing stm32f4xx_usart.o(i.USART_ClockInit), (32 bytes).
    Removing stm32f4xx_usart.o(i.USART_ClockStructInit), (12 bytes).
    Removing stm32f4xx_usart.o(i.USART_Cmd), (24 bytes).
    Removing stm32f4xx_usart.o(i.USART_DMACmd), (18 bytes).
    Removing stm32f4xx_usart.o(i.USART_DeInit), (240 bytes).
    Removing stm32f4xx_usart.o(i.USART_GetFlagStatus), (26 bytes).
    Removing stm32f4xx_usart.o(i.USART_GetITStatus), (84 bytes).
    Removing stm32f4xx_usart.o(i.USART_HalfDuplexCmd), (24 bytes).
    Removing stm32f4xx_usart.o(i.USART_ITConfig), (74 bytes).
    Removing stm32f4xx_usart.o(i.USART_Init), (212 bytes).
    Removing stm32f4xx_usart.o(i.USART_IrDACmd), (24 bytes).
    Removing stm32f4xx_usart.o(i.USART_IrDAConfig), (18 bytes).
    Removing stm32f4xx_usart.o(i.USART_LINBreakDetectLengthConfig), (18 bytes).
    Removing stm32f4xx_usart.o(i.USART_LINCmd), (24 bytes).
    Removing stm32f4xx_usart.o(i.USART_OneBitMethodCmd), (24 bytes).
    Removing stm32f4xx_usart.o(i.USART_OverSampling8Cmd), (22 bytes).
    Removing stm32f4xx_usart.o(i.USART_ReceiveData), (10 bytes).
    Removing stm32f4xx_usart.o(i.USART_ReceiverWakeUpCmd), (24 bytes).
    Removing stm32f4xx_usart.o(i.USART_SendBreak), (10 bytes).
    Removing stm32f4xx_usart.o(i.USART_SendData), (8 bytes).
    Removing stm32f4xx_usart.o(i.USART_SetAddress), (18 bytes).
    Removing stm32f4xx_usart.o(i.USART_SetGuardTime), (16 bytes).
    Removing stm32f4xx_usart.o(i.USART_SetPrescaler), (16 bytes).
    Removing stm32f4xx_usart.o(i.USART_SmartCardCmd), (24 bytes).
    Removing stm32f4xx_usart.o(i.USART_SmartCardNACKCmd), (24 bytes).
    Removing stm32f4xx_usart.o(i.USART_StructInit), (24 bytes).
    Removing stm32f4xx_usart.o(i.USART_WakeUpConfig), (18 bytes).
    Removing stm32f4xx_wwdg.o(.rev16_text), (4 bytes).
    Removing stm32f4xx_wwdg.o(.revsh_text), (4 bytes).
    Removing stm32f4xx_wwdg.o(.rrx_text), (6 bytes).
    Removing stm32f4xx_wwdg.o(i.WWDG_ClearFlag), (12 bytes).
    Removing stm32f4xx_wwdg.o(i.WWDG_DeInit), (22 bytes).
    Removing stm32f4xx_wwdg.o(i.WWDG_Enable), (16 bytes).
    Removing stm32f4xx_wwdg.o(i.WWDG_EnableIT), (12 bytes).
    Removing stm32f4xx_wwdg.o(i.WWDG_GetFlagStatus), (20 bytes).
    Removing stm32f4xx_wwdg.o(i.WWDG_SetCounter), (16 bytes).
    Removing stm32f4xx_wwdg.o(i.WWDG_SetPrescaler), (24 bytes).
    Removing stm32f4xx_wwdg.o(i.WWDG_SetWindowValue), (40 bytes).
    Removing lcd.o(.rev16_text), (4 bytes).
    Removing lcd.o(.revsh_text), (4 bytes).
    Removing lcd.o(.rrx_text), (6 bytes).
    Removing lcd.o(i.LCD_RD_DATA), (60 bytes).
    Removing lcd.o(i.LCD_ReadRAM_Prepare), (16 bytes).
    Removing lcd.o(i.LCD_ReadReg), (16 bytes).
    Removing ctpiic.o(.rev16_text), (4 bytes).
    Removing ctpiic.o(.revsh_text), (4 bytes).
    Removing ctpiic.o(.rrx_text), (6 bytes).
    Removing ft6336.o(.rev16_text), (4 bytes).
    Removing ft6336.o(.revsh_text), (4 bytes).
    Removing ft6336.o(.rrx_text), (6 bytes).
    Removing ft6336.o(i.FT6336_WR_Reg), (82 bytes).
    Removing touch.o(.rev16_text), (4 bytes).
    Removing touch.o(.revsh_text), (4 bytes).
    Removing touch.o(.rrx_text), (6 bytes).
    Removing lcd_spi.o(.rev16_text), (4 bytes).
    Removing lcd_spi.o(.revsh_text), (4 bytes).
    Removing lcd_spi.o(.rrx_text), (6 bytes).
    Removing sys.o(.rev16_text), (4 bytes).
    Removing sys.o(.revsh_text), (4 bytes).
    Removing sys.o(.rrx_text), (6 bytes).
    Removing sys.o(.emb_text), (16 bytes).
    Removing lcd_delay.o(.rev16_text), (4 bytes).
    Removing lcd_delay.o(.revsh_text), (4 bytes).
    Removing lcd_delay.o(.rrx_text), (6 bytes).
    Removing gui.o(.rev16_text), (4 bytes).
    Removing gui.o(.revsh_text), (4 bytes).
    Removing gui.o(.rrx_text), (6 bytes).
    Removing lcd_test.o(.rev16_text), (4 bytes).
    Removing lcd_test.o(.revsh_text), (4 bytes).
    Removing lcd_test.o(.rrx_text), (6 bytes).
    Removing main.o(.rev16_text), (4 bytes).
    Removing main.o(.revsh_text), (4 bytes).
    Removing main.o(.rrx_text), (6 bytes).
    Removing stm32f4xx_it.o(.rev16_text), (4 bytes).
    Removing stm32f4xx_it.o(.revsh_text), (4 bytes).
    Removing stm32f4xx_it.o(.rrx_text), (6 bytes).
    Removing system_stm32f4xx.o(.rev16_text), (4 bytes).
    Removing system_stm32f4xx.o(.revsh_text), (4 bytes).
    Removing system_stm32f4xx.o(.rrx_text), (6 bytes).
    Removing system_stm32f4xx.o(i.SystemCoreClockUpdate), (192 bytes).
    Removing system_stm32f4xx.o(.data), (20 bytes).
    Removing dadd.o(.text), (334 bytes).
    Removing dmul.o(.text), (228 bytes).
    Removing ddiv.o(.text), (222 bytes).
    Removing dfixul.o(.text), (48 bytes).
    Removing cdrcmple.o(.text), (48 bytes).
    Removing depilogue.o(.text), (186 bytes).

873 unused section(s) (total 38064 bytes) removed from the image.

==============================================================================

Image Symbol Table

    Local Symbols

    Symbol Name                              Value     Ov Type        Size  Object(Section)

    ../clib/microlib/division.c              0x00000000   Number         0  uldiv.o ABSOLUTE
    ../clib/microlib/division.c              0x00000000   Number         0  uidiv.o ABSOLUTE
    ../clib/microlib/init/entry.s            0x00000000   Number         0  entry10a.o ABSOLUTE
    ../clib/microlib/init/entry.s            0x00000000   Number         0  entry9b.o ABSOLUTE
    ../clib/microlib/init/entry.s            0x00000000   Number         0  entry9a.o ABSOLUTE
    ../clib/microlib/init/entry.s            0x00000000   Number         0  entry12b.o ABSOLUTE
    ../clib/microlib/init/entry.s            0x00000000   Number         0  entry12a.o ABSOLUTE
    ../clib/microlib/init/entry.s            0x00000000   Number         0  entry8a.o ABSOLUTE
    ../clib/microlib/init/entry.s            0x00000000   Number         0  entry11b.o ABSOLUTE
    ../clib/microlib/init/entry.s            0x00000000   Number         0  entry11a.o ABSOLUTE
    ../clib/microlib/init/entry.s            0x00000000   Number         0  entry7b.o ABSOLUTE
    ../clib/microlib/init/entry.s            0x00000000   Number         0  entry10b.o ABSOLUTE
    ../clib/microlib/init/entry.s            0x00000000   Number         0  entry7a.o ABSOLUTE
    ../clib/microlib/init/entry.s            0x00000000   Number         0  entry.o ABSOLUTE
    ../clib/microlib/init/entry.s            0x00000000   Number         0  entry5.o ABSOLUTE
    ../clib/microlib/init/entry.s            0x00000000   Number         0  entry2.o ABSOLUTE
    ../clib/microlib/init/entry.s            0x00000000   Number         0  entry8b.o ABSOLUTE
    ../clib/microlib/longlong.c              0x00000000   Number         0  llshl.o ABSOLUTE
    ../clib/microlib/longlong.c              0x00000000   Number         0  llushr.o ABSOLUTE
    ../clib/microlib/longlong.c              0x00000000   Number         0  llsshr.o ABSOLUTE
    ../clib/microlib/printf/printf.c         0x00000000   Number         0  printf5.o ABSOLUTE
    ../clib/microlib/printf/printf.c         0x00000000   Number         0  printf1.o ABSOLUTE
    ../clib/microlib/printf/printf.c         0x00000000   Number         0  printf4.o ABSOLUTE
    ../clib/microlib/printf/printf.c         0x00000000   Number         0  printf2.o ABSOLUTE
    ../clib/microlib/printf/printf.c         0x00000000   Number         0  printf3.o ABSOLUTE
    ../clib/microlib/printf/printf.c         0x00000000   Number         0  printfa.o ABSOLUTE
    ../clib/microlib/printf/printf.c         0x00000000   Number         0  printfb.o ABSOLUTE
    ../clib/microlib/printf/printf.c         0x00000000   Number         0  printf8.o ABSOLUTE
    ../clib/microlib/printf/printf.c         0x00000000   Number         0  printf0.o ABSOLUTE
    ../clib/microlib/printf/printf.c         0x00000000   Number         0  printf7.o ABSOLUTE
    ../clib/microlib/printf/printf.c         0x00000000   Number         0  printf6.o ABSOLUTE
    ../clib/microlib/printf/stubs.s          0x00000000   Number         0  stubs.o ABSOLUTE
    ../clib/microlib/stdio/fputc.c           0x00000000   Number         0  fputc.o ABSOLUTE
    ../clib/microlib/stdio/semi.s            0x00000000   Number         0  semi.o ABSOLUTE
    ../clib/microlib/stdio/streams.c         0x00000000   Number         0  stdout.o ABSOLUTE
    ../clib/microlib/stdlib/rand.c           0x00000000   Number         0  rand.o ABSOLUTE
    ../clib/microlib/string/memset.c         0x00000000   Number         0  memseta.o ABSOLUTE
    ../clib/microlib/string/strcpy.c         0x00000000   Number         0  strcpy.o ABSOLUTE
    ../clib/microlib/string/strlen.c         0x00000000   Number         0  strlen.o ABSOLUTE
    ../clib/microlib/stubs.s                 0x00000000   Number         0  iusefp.o ABSOLUTE
    ../clib/microlib/stubs.s                 0x00000000   Number         0  iusesemip.o ABSOLUTE
    ../fplib/microlib/fpadd.c                0x00000000   Number         0  dadd.o ABSOLUTE
    ../fplib/microlib/fpdiv.c                0x00000000   Number         0  ddiv.o ABSOLUTE
    ../fplib/microlib/fpepilogue.c           0x00000000   Number         0  depilogue.o ABSOLUTE
    ../fplib/microlib/fpfix.c                0x00000000   Number         0  dfixul.o ABSOLUTE
    ../fplib/microlib/fpmul.c                0x00000000   Number         0  dmul.o ABSOLUTE
    App\LCD\GUI.c                            0x00000000   Number         0  gui.o ABSOLUTE
    App\LCD\LCD_test.c                       0x00000000   Number         0  lcd_test.o ABSOLUTE
    App\\LCD\\GUI.c                          0x00000000   Number         0  gui.o ABSOLUTE
    App\\LCD\\LCD_test.c                     0x00000000   Number         0  lcd_test.o ABSOLUTE
    Hardware\LCD\lcd.c                       0x00000000   Number         0  lcd.o ABSOLUTE
    Hardware\LCD_SPI\LCD_SPI.c               0x00000000   Number         0  lcd_spi.o ABSOLUTE
    Hardware\TOUCH\ctpiic.c                  0x00000000   Number         0  ctpiic.o ABSOLUTE
    Hardware\TOUCH\ft6336.c                  0x00000000   Number         0  ft6336.o ABSOLUTE
    Hardware\TOUCH\touch.c                   0x00000000   Number         0  touch.o ABSOLUTE
    Hardware\\LCD\\lcd.c                     0x00000000   Number         0  lcd.o ABSOLUTE
    Hardware\\LCD_SPI\\LCD_SPI.c             0x00000000   Number         0  lcd_spi.o ABSOLUTE
    Hardware\\TOUCH\\ctpiic.c                0x00000000   Number         0  ctpiic.o ABSOLUTE
    Hardware\\TOUCH\\ft6336.c                0x00000000   Number         0  ft6336.o ABSOLUTE
    Hardware\\TOUCH\\touch.c                 0x00000000   Number         0  touch.o ABSOLUTE
    Library\\misc.c                          0x00000000   Number         0  misc.o ABSOLUTE
    Library\\stm32f4xx_adc.c                 0x00000000   Number         0  stm32f4xx_adc.o ABSOLUTE
    Library\\stm32f4xx_can.c                 0x00000000   Number         0  stm32f4xx_can.o ABSOLUTE
    Library\\stm32f4xx_cec.c                 0x00000000   Number         0  stm32f4xx_cec.o ABSOLUTE
    Library\\stm32f4xx_crc.c                 0x00000000   Number         0  stm32f4xx_crc.o ABSOLUTE
    Library\\stm32f4xx_cryp.c                0x00000000   Number         0  stm32f4xx_cryp.o ABSOLUTE
    Library\\stm32f4xx_cryp_aes.c            0x00000000   Number         0  stm32f4xx_cryp_aes.o ABSOLUTE
    Library\\stm32f4xx_cryp_des.c            0x00000000   Number         0  stm32f4xx_cryp_des.o ABSOLUTE
    Library\\stm32f4xx_cryp_tdes.c           0x00000000   Number         0  stm32f4xx_cryp_tdes.o ABSOLUTE
    Library\\stm32f4xx_dac.c                 0x00000000   Number         0  stm32f4xx_dac.o ABSOLUTE
    Library\\stm32f4xx_dbgmcu.c              0x00000000   Number         0  stm32f4xx_dbgmcu.o ABSOLUTE
    Library\\stm32f4xx_dcmi.c                0x00000000   Number         0  stm32f4xx_dcmi.o ABSOLUTE
    Library\\stm32f4xx_dfsdm.c               0x00000000   Number         0  stm32f4xx_dfsdm.o ABSOLUTE
    Library\\stm32f4xx_dma.c                 0x00000000   Number         0  stm32f4xx_dma.o ABSOLUTE
    Library\\stm32f4xx_dma2d.c               0x00000000   Number         0  stm32f4xx_dma2d.o ABSOLUTE
    Library\\stm32f4xx_dsi.c                 0x00000000   Number         0  stm32f4xx_dsi.o ABSOLUTE
    Library\\stm32f4xx_exti.c                0x00000000   Number         0  stm32f4xx_exti.o ABSOLUTE
    Library\\stm32f4xx_flash.c               0x00000000   Number         0  stm32f4xx_flash.o ABSOLUTE
    Library\\stm32f4xx_flash_ramfunc.c       0x00000000   Number         0  stm32f4xx_flash_ramfunc.o ABSOLUTE
    Library\\stm32f4xx_fmpi2c.c              0x00000000   Number         0  stm32f4xx_fmpi2c.o ABSOLUTE
    Library\\stm32f4xx_fsmc.c                0x00000000   Number         0  stm32f4xx_fsmc.o ABSOLUTE
    Library\\stm32f4xx_gpio.c                0x00000000   Number         0  stm32f4xx_gpio.o ABSOLUTE
    Library\\stm32f4xx_hash.c                0x00000000   Number         0  stm32f4xx_hash.o ABSOLUTE
    Library\\stm32f4xx_hash_md5.c            0x00000000   Number         0  stm32f4xx_hash_md5.o ABSOLUTE
    Library\\stm32f4xx_hash_sha1.c           0x00000000   Number         0  stm32f4xx_hash_sha1.o ABSOLUTE
    Library\\stm32f4xx_i2c.c                 0x00000000   Number         0  stm32f4xx_i2c.o ABSOLUTE
    Library\\stm32f4xx_iwdg.c                0x00000000   Number         0  stm32f4xx_iwdg.o ABSOLUTE
    Library\\stm32f4xx_lptim.c               0x00000000   Number         0  stm32f4xx_lptim.o ABSOLUTE
    Library\\stm32f4xx_ltdc.c                0x00000000   Number         0  stm32f4xx_ltdc.o ABSOLUTE
    Library\\stm32f4xx_pwr.c                 0x00000000   Number         0  stm32f4xx_pwr.o ABSOLUTE
    Library\\stm32f4xx_qspi.c                0x00000000   Number         0  stm32f4xx_qspi.o ABSOLUTE
    Library\\stm32f4xx_rcc.c                 0x00000000   Number         0  stm32f4xx_rcc.o ABSOLUTE
    Library\\stm32f4xx_rng.c                 0x00000000   Number         0  stm32f4xx_rng.o ABSOLUTE
    Library\\stm32f4xx_rtc.c                 0x00000000   Number         0  stm32f4xx_rtc.o ABSOLUTE
    Library\\stm32f4xx_sai.c                 0x00000000   Number         0  stm32f4xx_sai.o ABSOLUTE
    Library\\stm32f4xx_sdio.c                0x00000000   Number         0  stm32f4xx_sdio.o ABSOLUTE
    Library\\stm32f4xx_spdifrx.c             0x00000000   Number         0  stm32f4xx_spdifrx.o ABSOLUTE
    Library\\stm32f4xx_spi.c                 0x00000000   Number         0  stm32f4xx_spi.o ABSOLUTE
    Library\\stm32f4xx_syscfg.c              0x00000000   Number         0  stm32f4xx_syscfg.o ABSOLUTE
    Library\\stm32f4xx_tim.c                 0x00000000   Number         0  stm32f4xx_tim.o ABSOLUTE
    Library\\stm32f4xx_usart.c               0x00000000   Number         0  stm32f4xx_usart.o ABSOLUTE
    Library\\stm32f4xx_wwdg.c                0x00000000   Number         0  stm32f4xx_wwdg.o ABSOLUTE
    Library\misc.c                           0x00000000   Number         0  misc.o ABSOLUTE
    Library\stm32f4xx_adc.c                  0x00000000   Number         0  stm32f4xx_adc.o ABSOLUTE
    Library\stm32f4xx_can.c                  0x00000000   Number         0  stm32f4xx_can.o ABSOLUTE
    Library\stm32f4xx_cec.c                  0x00000000   Number         0  stm32f4xx_cec.o ABSOLUTE
    Library\stm32f4xx_crc.c                  0x00000000   Number         0  stm32f4xx_crc.o ABSOLUTE
    Library\stm32f4xx_cryp.c                 0x00000000   Number         0  stm32f4xx_cryp.o ABSOLUTE
    Library\stm32f4xx_cryp_aes.c             0x00000000   Number         0  stm32f4xx_cryp_aes.o ABSOLUTE
    Library\stm32f4xx_cryp_des.c             0x00000000   Number         0  stm32f4xx_cryp_des.o ABSOLUTE
    Library\stm32f4xx_cryp_tdes.c            0x00000000   Number         0  stm32f4xx_cryp_tdes.o ABSOLUTE
    Library\stm32f4xx_dac.c                  0x00000000   Number         0  stm32f4xx_dac.o ABSOLUTE
    Library\stm32f4xx_dbgmcu.c               0x00000000   Number         0  stm32f4xx_dbgmcu.o ABSOLUTE
    Library\stm32f4xx_dcmi.c                 0x00000000   Number         0  stm32f4xx_dcmi.o ABSOLUTE
    Library\stm32f4xx_dfsdm.c                0x00000000   Number         0  stm32f4xx_dfsdm.o ABSOLUTE
    Library\stm32f4xx_dma.c                  0x00000000   Number         0  stm32f4xx_dma.o ABSOLUTE
    Library\stm32f4xx_dma2d.c                0x00000000   Number         0  stm32f4xx_dma2d.o ABSOLUTE
    Library\stm32f4xx_dsi.c                  0x00000000   Number         0  stm32f4xx_dsi.o ABSOLUTE
    Library\stm32f4xx_exti.c                 0x00000000   Number         0  stm32f4xx_exti.o ABSOLUTE
    Library\stm32f4xx_flash.c                0x00000000   Number         0  stm32f4xx_flash.o ABSOLUTE
    Library\stm32f4xx_flash_ramfunc.c        0x00000000   Number         0  stm32f4xx_flash_ramfunc.o ABSOLUTE
    Library\stm32f4xx_fmpi2c.c               0x00000000   Number         0  stm32f4xx_fmpi2c.o ABSOLUTE
    Library\stm32f4xx_fsmc.c                 0x00000000   Number         0  stm32f4xx_fsmc.o ABSOLUTE
    Library\stm32f4xx_gpio.c                 0x00000000   Number         0  stm32f4xx_gpio.o ABSOLUTE
    Library\stm32f4xx_hash.c                 0x00000000   Number         0  stm32f4xx_hash.o ABSOLUTE
    Library\stm32f4xx_hash_md5.c             0x00000000   Number         0  stm32f4xx_hash_md5.o ABSOLUTE
    Library\stm32f4xx_hash_sha1.c            0x00000000   Number         0  stm32f4xx_hash_sha1.o ABSOLUTE
    Library\stm32f4xx_i2c.c                  0x00000000   Number         0  stm32f4xx_i2c.o ABSOLUTE
    Library\stm32f4xx_iwdg.c                 0x00000000   Number         0  stm32f4xx_iwdg.o ABSOLUTE
    Library\stm32f4xx_lptim.c                0x00000000   Number         0  stm32f4xx_lptim.o ABSOLUTE
    Library\stm32f4xx_ltdc.c                 0x00000000   Number         0  stm32f4xx_ltdc.o ABSOLUTE
    Library\stm32f4xx_pwr.c                  0x00000000   Number         0  stm32f4xx_pwr.o ABSOLUTE
    Library\stm32f4xx_qspi.c                 0x00000000   Number         0  stm32f4xx_qspi.o ABSOLUTE
    Library\stm32f4xx_rcc.c                  0x00000000   Number         0  stm32f4xx_rcc.o ABSOLUTE
    Library\stm32f4xx_rng.c                  0x00000000   Number         0  stm32f4xx_rng.o ABSOLUTE
    Library\stm32f4xx_rtc.c                  0x00000000   Number         0  stm32f4xx_rtc.o ABSOLUTE
    Library\stm32f4xx_sai.c                  0x00000000   Number         0  stm32f4xx_sai.o ABSOLUTE
    Library\stm32f4xx_sdio.c                 0x00000000   Number         0  stm32f4xx_sdio.o ABSOLUTE
    Library\stm32f4xx_spdifrx.c              0x00000000   Number         0  stm32f4xx_spdifrx.o ABSOLUTE
    Library\stm32f4xx_spi.c                  0x00000000   Number         0  stm32f4xx_spi.o ABSOLUTE
    Library\stm32f4xx_syscfg.c               0x00000000   Number         0  stm32f4xx_syscfg.o ABSOLUTE
    Library\stm32f4xx_tim.c                  0x00000000   Number         0  stm32f4xx_tim.o ABSOLUTE
    Library\stm32f4xx_usart.c                0x00000000   Number         0  stm32f4xx_usart.o ABSOLUTE
    Library\stm32f4xx_wwdg.c                 0x00000000   Number         0  stm32f4xx_wwdg.o ABSOLUTE
    Start\startup_stm32f40_41xxx.s           0x00000000   Number         0  startup_stm32f40_41xxx.o ABSOLUTE
    System\LCD_delay\LCD_delay.c             0x00000000   Number         0  lcd_delay.o ABSOLUTE
    System\\LCD_delay\\LCD_delay.c           0x00000000   Number         0  lcd_delay.o ABSOLUTE
    System\\sys\\sys.c                       0x00000000   Number         0  sys.o ABSOLUTE
    System\sys\sys.c                         0x00000000   Number         0  sys.o ABSOLUTE
    User\\main.c                             0x00000000   Number         0  main.o ABSOLUTE
    User\\stm32f4xx_it.c                     0x00000000   Number         0  stm32f4xx_it.o ABSOLUTE
    User\\system_stm32f4xx.c                 0x00000000   Number         0  system_stm32f4xx.o ABSOLUTE
    User\main.c                              0x00000000   Number         0  main.o ABSOLUTE
    User\stm32f4xx_it.c                      0x00000000   Number         0  stm32f4xx_it.o ABSOLUTE
    User\system_stm32f4xx.c                  0x00000000   Number         0  system_stm32f4xx.o ABSOLUTE
    cdrcmple.s                               0x00000000   Number         0  cdrcmple.o ABSOLUTE
    dc.s                                     0x00000000   Number         0  dc.o ABSOLUTE
    handlers.s                               0x00000000   Number         0  handlers.o ABSOLUTE
    init.s                                   0x00000000   Number         0  init.o ABSOLUTE
    RESET                                    0x08000000   Section      392  startup_stm32f40_41xxx.o(RESET)
    .ARM.Collect$$$$00000000                 0x08000188   Section        0  entry.o(.ARM.Collect$$$$00000000)
    .ARM.Collect$$$$00000001                 0x08000188   Section        4  entry2.o(.ARM.Collect$$$$00000001)
    .ARM.Collect$$$$00000004                 0x0800018c   Section        4  entry5.o(.ARM.Collect$$$$00000004)
    .ARM.Collect$$$$00000008                 0x08000190   Section        0  entry7b.o(.ARM.Collect$$$$00000008)
    .ARM.Collect$$$$0000000A                 0x08000190   Section        0  entry8b.o(.ARM.Collect$$$$0000000A)
    .ARM.Collect$$$$0000000B                 0x08000190   Section        8  entry9a.o(.ARM.Collect$$$$0000000B)
    .ARM.Collect$$$$0000000E                 0x08000198   Section        4  entry12b.o(.ARM.Collect$$$$0000000E)
    .ARM.Collect$$$$0000000F                 0x0800019c   Section        0  entry10a.o(.ARM.Collect$$$$0000000F)
    .ARM.Collect$$$$00000011                 0x0800019c   Section        0  entry11a.o(.ARM.Collect$$$$00000011)
    .ARM.Collect$$$$00002712                 0x0800019c   Section        4  entry2.o(.ARM.Collect$$$$00002712)
    __lit__00000000                          0x0800019c   Data           4  entry2.o(.ARM.Collect$$$$00002712)
    .text                                    0x080001a0   Section       36  startup_stm32f40_41xxx.o(.text)
    $v0                                      0x080001a0   Number         0  startup_stm32f40_41xxx.o(.text)
    .text                                    0x080001c4   Section        0  rand.o(.text)
    .text                                    0x080001e8   Section        0  memseta.o(.text)
    .text                                    0x0800020c   Section        0  strlen.o(.text)
    .text                                    0x0800021a   Section        0  strcpy.o(.text)
    .text                                    0x0800022c   Section        0  uldiv.o(.text)
    .text                                    0x08000290   Section       36  init.o(.text)
    .text                                    0x080002b4   Section        0  llshl.o(.text)
    .text                                    0x080002d2   Section        0  llushr.o(.text)
    i.BusFault_Handler                       0x080002f2   Section        0  stm32f4xx_it.o(i.BusFault_Handler)
    i.CTP_Delay                              0x080002f6   Section        0  ctpiic.o(i.CTP_Delay)
    i.CTP_IIC_Ack                            0x08000300   Section        0  ctpiic.o(i.CTP_IIC_Ack)
    i.CTP_IIC_Init                           0x08000350   Section        0  ctpiic.o(i.CTP_IIC_Init)
    i.CTP_IIC_NAck                           0x080003a8   Section        0  ctpiic.o(i.CTP_IIC_NAck)
    i.CTP_IIC_Read_Byte                      0x080003f8   Section        0  ctpiic.o(i.CTP_IIC_Read_Byte)
    i.CTP_IIC_Send_Byte                      0x08000460   Section        0  ctpiic.o(i.CTP_IIC_Send_Byte)
    i.CTP_IIC_Start                          0x080004c0   Section        0  ctpiic.o(i.CTP_IIC_Start)
    i.CTP_IIC_Stop                           0x08000508   Section        0  ctpiic.o(i.CTP_IIC_Stop)
    i.CTP_IIC_Wait_Ack                       0x08000550   Section        0  ctpiic.o(i.CTP_IIC_Wait_Ack)
    i.Chinese_Font_test                      0x080005b0   Section        0  lcd_test.o(i.Chinese_Font_test)
    i.DebugMon_Handler                       0x080006a4   Section        0  stm32f4xx_it.o(i.DebugMon_Handler)
    i.DrawTestPage                           0x080006a8   Section        0  lcd_test.o(i.DrawTestPage)
    i.Draw_Circle_Helper                     0x08000740   Section        0  gui.o(i.Draw_Circle_Helper)
    i.Draw_Triangel                          0x08000816   Section        0  gui.o(i.Draw_Triangel)
    i.English_Font_test                      0x08000850   Section        0  lcd_test.o(i.English_Font_test)
    i.FT6336_Init                            0x08000a04   Section        0  ft6336.o(i.FT6336_Init)
    i.FT6336_RD_Reg                          0x08000ad4   Section        0  ft6336.o(i.FT6336_RD_Reg)
    i.FT6336_Scan                            0x08000b2c   Section        0  ft6336.o(i.FT6336_Scan)
    i.Fill_Circle_Helper                     0x08000d20   Section        0  gui.o(i.Fill_Circle_Helper)
    i.Fill_Triangel                          0x08000e38   Section        0  gui.o(i.Fill_Triangel)
    i.GPIO_Init                              0x08001048   Section        0  stm32f4xx_gpio.o(i.GPIO_Init)
    i.GPIO_PinAFConfig                       0x080010d8   Section        0  stm32f4xx_gpio.o(i.GPIO_PinAFConfig)
    i.GUI_DrawFont16                         0x08001120   Section        0  gui.o(i.GUI_DrawFont16)
    i.GUI_DrawFont24                         0x08001228   Section        0  gui.o(i.GUI_DrawFont24)
    i.GUI_DrawFont32                         0x08001340   Section        0  gui.o(i.GUI_DrawFont32)
    i.GUI_DrawPoint                          0x08001448   Section        0  gui.o(i.GUI_DrawPoint)
    i.Gui_Drawbmp16                          0x08001460   Section        0  gui.o(i.Gui_Drawbmp16)
    i.Gui_StrCenter                          0x080014c0   Section        0  gui.o(i.Gui_StrCenter)
    i.HardFault_Handler                      0x08001500   Section        0  stm32f4xx_it.o(i.HardFault_Handler)
    i.LCD_Clear                              0x08001504   Section        0  lcd.o(i.LCD_Clear)
    i.LCD_DrawFillRectangle                  0x08001570   Section        0  gui.o(i.LCD_DrawFillRectangle)
    i.LCD_DrawLine                           0x08001594   Section        0  gui.o(i.LCD_DrawLine)
    i.LCD_DrawLine2                          0x08001644   Section        0  gui.o(i.LCD_DrawLine2)
    i.LCD_DrawPoint                          0x080016f0   Section        0  lcd.o(i.LCD_DrawPoint)
    i.LCD_DrawRectangle                      0x0800170c   Section        0  gui.o(i.LCD_DrawRectangle)
    i.LCD_DrawRoundRectangle                 0x0800174c   Section        0  gui.o(i.LCD_DrawRoundRectangle)
    i.LCD_Fill                               0x080017e8   Section        0  gui.o(i.LCD_Fill)
    i.LCD_FillRoundRectangle                 0x0800185c   Section        0  gui.o(i.LCD_FillRoundRectangle)
    i.LCD_GPIOInit                           0x080018d0   Section        0  lcd.o(i.LCD_GPIOInit)
    i.LCD_Init                               0x08001910   Section        0  lcd.o(i.LCD_Init)
    i.LCD_RESET                              0x08001acc   Section        0  lcd.o(i.LCD_RESET)
    i.LCD_ReadPoint                          0x08001af0   Section        0  lcd.o(i.LCD_ReadPoint)
    i.LCD_Read_ID                            0x08001b08   Section        0  lcd.o(i.LCD_Read_ID)
    i.LCD_SetCursor                          0x08001c0c   Section        0  lcd.o(i.LCD_SetCursor)
    i.LCD_SetWindows                         0x08001c20   Section        0  lcd.o(i.LCD_SetWindows)
    i.LCD_ShowChar                           0x08001c78   Section        0  gui.o(i.LCD_ShowChar)
    i.LCD_ShowNum                            0x08001d9c   Section        0  gui.o(i.LCD_ShowNum)
    i.LCD_ShowString                         0x08001e4c   Section        0  gui.o(i.LCD_ShowString)
    i.LCD_WR_DATA                            0x08001eb8   Section        0  lcd.o(i.LCD_WR_DATA)
    i.LCD_WR_REG                             0x08001ee4   Section        0  lcd.o(i.LCD_WR_REG)
    i.LCD_WriteRAM_Prepare                   0x08001f10   Section        0  lcd.o(i.LCD_WriteRAM_Prepare)
    i.LCD_WriteReg                           0x08001f20   Section        0  lcd.o(i.LCD_WriteReg)
    i.LCD_direction                          0x08001f34   Section        0  lcd.o(i.LCD_direction)
    i.Lcd_ReadData_16Bit                     0x08001fdc   Section        0  lcd.o(i.Lcd_ReadData_16Bit)
    i.Lcd_WriteData_16Bit                    0x0800204c   Section        0  lcd.o(i.Lcd_WriteData_16Bit)
    i.MemManage_Handler                      0x08002080   Section        0  stm32f4xx_it.o(i.MemManage_Handler)
    i.NMI_Handler                            0x08002084   Section        0  stm32f4xx_it.o(i.NMI_Handler)
    i.PendSV_Handler                         0x08002086   Section        0  stm32f4xx_it.o(i.PendSV_Handler)
    i.Pic_test                               0x08002088   Section        0  lcd_test.o(i.Pic_test)
    i.RCC_AHB1PeriphClockCmd                 0x08002124   Section        0  stm32f4xx_rcc.o(i.RCC_AHB1PeriphClockCmd)
    i.RCC_APB2PeriphClockCmd                 0x08002144   Section        0  stm32f4xx_rcc.o(i.RCC_APB2PeriphClockCmd)
    i.RCC_APB2PeriphResetCmd                 0x08002164   Section        0  stm32f4xx_rcc.o(i.RCC_APB2PeriphResetCmd)
    i.Rotate_Test                            0x08002184   Section        0  lcd_test.o(i.Rotate_Test)
    i.SPI1_Init                              0x0800220c   Section        0  lcd_spi.o(i.SPI1_Init)
    i.SPI_Cmd                                0x080022c8   Section        0  stm32f4xx_spi.o(i.SPI_Cmd)
    i.SPI_Init                               0x080022e0   Section        0  stm32f4xx_spi.o(i.SPI_Init)
    i.SPI_SetSpeed                           0x0800231c   Section        0  lcd_spi.o(i.SPI_SetSpeed)
    i.SPI_WriteByte                          0x08002342   Section        0  lcd_spi.o(i.SPI_WriteByte)
    i.SVC_Handler                            0x08002364   Section        0  stm32f4xx_it.o(i.SVC_Handler)
    i.SetSysClock                            0x08002368   Section        0  system_stm32f4xx.o(i.SetSysClock)
    SetSysClock                              0x08002369   Thumb Code   220  system_stm32f4xx.o(i.SetSysClock)
    i.Show_Str                               0x08002454   Section        0  gui.o(i.Show_Str)
    i.SysTick_CLKSourceConfig                0x08002560   Section        0  misc.o(i.SysTick_CLKSourceConfig)
    i.SystemInit                             0x08002588   Section        0  system_stm32f4xx.o(i.SystemInit)
    i.TP_Init                                0x080025f0   Section        0  touch.o(i.TP_Init)
    i.Test_Circle                            0x08002610   Section        0  lcd_test.o(i.Test_Circle)
    i.Test_Color                             0x08002710   Section        0  lcd_test.o(i.Test_Color)
    i.Test_Dynamic_Num                       0x08002890   Section        0  lcd_test.o(i.Test_Dynamic_Num)
    i.Test_FillRec                           0x08002acc   Section        0  lcd_test.o(i.Test_FillRec)
    i.Test_Read                              0x08002c78   Section        0  lcd_test.o(i.Test_Read)
    i.Test_Triangle                          0x08002dac   Section        0  lcd_test.o(i.Test_Triangle)
    i.Touch_Button_Test                      0x08002fb0   Section        0  lcd_test.o(i.Touch_Button_Test)
    i.Touch_Pen_Test                         0x08003624   Section        0  lcd_test.o(i.Touch_Pen_Test)
    i.Touch_Test                             0x08003734   Section        0  lcd_test.o(i.Touch_Test)
    i.UsageFault_Handler                     0x0800374c   Section        0  stm32f4xx_it.o(i.UsageFault_Handler)
    i.__0sprintf$8                           0x08003750   Section        0  printf8.o(i.__0sprintf$8)
    i.__scatterload_copy                     0x08003778   Section       14  handlers.o(i.__scatterload_copy)
    i.__scatterload_null                     0x08003786   Section        2  handlers.o(i.__scatterload_null)
    i.__scatterload_zeroinit                 0x08003788   Section       14  handlers.o(i.__scatterload_zeroinit)
    i._draw_circle_8                         0x08003796   Section        0  gui.o(i._draw_circle_8)
    i._printf_core                           0x0800381c   Section        0  printf8.o(i._printf_core)
    _printf_core                             0x0800381d   Thumb Code   984  printf8.o(i._printf_core)
    i._printf_post_padding                   0x08003c20   Section        0  printf8.o(i._printf_post_padding)
    _printf_post_padding                     0x08003c21   Thumb Code    36  printf8.o(i._printf_post_padding)
    i._printf_pre_padding                    0x08003c44   Section        0  printf8.o(i._printf_pre_padding)
    _printf_pre_padding                      0x08003c45   Thumb Code    46  printf8.o(i._printf_pre_padding)
    i._sputc                                 0x08003c72   Section        0  printf8.o(i._sputc)
    _sputc                                   0x08003c73   Thumb Code    10  printf8.o(i._sputc)
    i._swap                                  0x08003c7c   Section        0  gui.o(i._swap)
    _swap                                    0x08003c7d   Thumb Code    10  gui.o(i._swap)
    i.delay_init                             0x08003c88   Section        0  lcd_delay.o(i.delay_init)
    i.delay_ms                               0x08003cc4   Section        0  lcd_delay.o(i.delay_ms)
    i.delay_us                               0x08003cfc   Section        0  lcd_delay.o(i.delay_us)
    i.delay_xms                              0x08003d48   Section        0  lcd_delay.o(i.delay_xms)
    i.gui_circle                             0x08003d94   Section        0  gui.o(i.gui_circle)
    i.main                                   0x08003e2e   Section        0  main.o(i.main)
    i.main_test                              0x08003e6c   Section        0  lcd_test.o(i.main_test)
    i.mypow                                  0x08003f40   Section        0  gui.o(i.mypow)
    .constdata                               0x08003f56   Section        4  ft6336.o(.constdata)
    .constdata                               0x08003f5a   Section     6248  gui.o(.constdata)
    .constdata                               0x080057c4   Section     3220  lcd_test.o(.constdata)
    .conststring                             0x08006458   Section       55  lcd_test.o(.conststring)
    .data                                    0x20000000   Section        6  lcd.o(.data)
    .data                                    0x20000006   Section        1  ft6336.o(.data)
    t                                        0x20000006   Data           1  ft6336.o(.data)
    .data                                    0x20000008   Section       20  touch.o(.data)
    .data                                    0x2000001c   Section        4  lcd_delay.o(.data)
    fac_us                                   0x2000001c   Data           1  lcd_delay.o(.data)
    fac_ms                                   0x2000001e   Data           2  lcd_delay.o(.data)
    .data                                    0x20000020   Section       26  lcd_test.o(.data)
    .data                                    0x2000003c   Section        4  rand.o(.data)
    _rand_state                              0x2000003c   Data           4  rand.o(.data)
    .bss                                     0x20000040   Section       16  lcd.o(.bss)
    STACK                                    0x20000050   Section     1024  startup_stm32f40_41xxx.o(STACK)

    Global Symbols

    Symbol Name                              Value     Ov Type        Size  Object(Section)

    BuildAttributes$$THM_ISAv4$E$P$D$K$B$S$7EM$VFPi3$EXTD16$VFPS$VFMA$PE$A:L22UL41UL21$X:L11$S22US41US21$IEEE1$IW$USESV6$~STKCKD$USESV7$~SHL$OSPACE$ROPI$EBA8$MICROLIB$REQ8$PRES8$EABIv2 0x00000000   Number         0  anon$$obj.o ABSOLUTE
    __ARM_use_no_argv                        0x00000000   Number         0  main.o ABSOLUTE
    _printf_a                                0x00000000   Number         0  stubs.o ABSOLUTE
    _printf_c                                0x00000000   Number         0  stubs.o ABSOLUTE
    _printf_charcount                        0x00000000   Number         0  stubs.o ABSOLUTE
    _printf_d                                0x00000000   Number         0  stubs.o ABSOLUTE
    _printf_e                                0x00000000   Number         0  stubs.o ABSOLUTE
    _printf_f                                0x00000000   Number         0  stubs.o ABSOLUTE
    _printf_flags                            0x00000000   Number         0  stubs.o ABSOLUTE
    _printf_fp_dec                           0x00000000   Number         0  stubs.o ABSOLUTE
    _printf_fp_hex                           0x00000000   Number         0  stubs.o ABSOLUTE
    _printf_g                                0x00000000   Number         0  stubs.o ABSOLUTE
    _printf_i                                0x00000000   Number         0  stubs.o ABSOLUTE
    _printf_int_dec                          0x00000000   Number         0  stubs.o ABSOLUTE
    _printf_l                                0x00000000   Number         0  stubs.o ABSOLUTE
    _printf_lc                               0x00000000   Number         0  stubs.o ABSOLUTE
    _printf_ll                               0x00000000   Number         0  stubs.o ABSOLUTE
    _printf_lld                              0x00000000   Number         0  stubs.o ABSOLUTE
    _printf_lli                              0x00000000   Number         0  stubs.o ABSOLUTE
    _printf_llo                              0x00000000   Number         0  stubs.o ABSOLUTE
    _printf_llu                              0x00000000   Number         0  stubs.o ABSOLUTE
    _printf_llx                              0x00000000   Number         0  stubs.o ABSOLUTE
    _printf_longlong_dec                     0x00000000   Number         0  stubs.o ABSOLUTE
    _printf_longlong_hex                     0x00000000   Number         0  stubs.o ABSOLUTE
    _printf_longlong_oct                     0x00000000   Number         0  stubs.o ABSOLUTE
    _printf_ls                               0x00000000   Number         0  stubs.o ABSOLUTE
    _printf_mbtowc                           0x00000000   Number         0  stubs.o ABSOLUTE
    _printf_n                                0x00000000   Number         0  stubs.o ABSOLUTE
    _printf_o                                0x00000000   Number         0  stubs.o ABSOLUTE
    _printf_p                                0x00000000   Number         0  stubs.o ABSOLUTE
    _printf_percent                          0x00000000   Number         0  stubs.o ABSOLUTE
    _printf_pre_padding                      0x00000000   Number         0  stubs.o ABSOLUTE
    _printf_return_value                     0x00000000   Number         0  stubs.o ABSOLUTE
    _printf_s                                0x00000000   Number         0  stubs.o ABSOLUTE
    _printf_sizespec                         0x00000000   Number         0  stubs.o ABSOLUTE
    _printf_str                              0x00000000   Number         0  stubs.o ABSOLUTE
    _printf_truncate_signed                  0x00000000   Number         0  stubs.o ABSOLUTE
    _printf_truncate_unsigned                0x00000000   Number         0  stubs.o ABSOLUTE
    _printf_u                                0x00000000   Number         0  stubs.o ABSOLUTE
    _printf_wc                               0x00000000   Number         0  stubs.o ABSOLUTE
    _printf_wctomb                           0x00000000   Number         0  stubs.o ABSOLUTE
    _printf_widthprec                        0x00000000   Number         0  stubs.o ABSOLUTE
    _printf_x                                0x00000000   Number         0  stubs.o ABSOLUTE
    __arm_fini_                               - Undefined Weak Reference
    __cpp_initialize__aeabi_                  - Undefined Weak Reference
    __cxa_finalize                            - Undefined Weak Reference
    __decompress                              - Undefined Weak Reference
    _clock_init                               - Undefined Weak Reference
    _microlib_exit                            - Undefined Weak Reference
    __Vectors_Size                           0x00000188   Number         0  startup_stm32f40_41xxx.o ABSOLUTE
    __Vectors                                0x08000000   Data           4  startup_stm32f40_41xxx.o(RESET)
    __Vectors_End                            0x08000188   Data           0  startup_stm32f40_41xxx.o(RESET)
    __main                                   0x08000189   Thumb Code     0  entry.o(.ARM.Collect$$$$00000000)
    _main_stk                                0x08000189   Thumb Code     0  entry2.o(.ARM.Collect$$$$00000001)
    _main_scatterload                        0x0800018d   Thumb Code     0  entry5.o(.ARM.Collect$$$$00000004)
    __main_after_scatterload                 0x08000191   Thumb Code     0  entry5.o(.ARM.Collect$$$$00000004)
    _main_clock                              0x08000191   Thumb Code     0  entry7b.o(.ARM.Collect$$$$00000008)
    _main_cpp_init                           0x08000191   Thumb Code     0  entry8b.o(.ARM.Collect$$$$0000000A)
    _main_init                               0x08000191   Thumb Code     0  entry9a.o(.ARM.Collect$$$$0000000B)
    __rt_lib_shutdown_fini                   0x08000199   Thumb Code     0  entry12b.o(.ARM.Collect$$$$0000000E)
    __rt_final_cpp                           0x0800019d   Thumb Code     0  entry10a.o(.ARM.Collect$$$$0000000F)
    __rt_final_exit                          0x0800019d   Thumb Code     0  entry11a.o(.ARM.Collect$$$$00000011)
    Reset_Handler                            0x080001a1   Thumb Code     8  startup_stm32f40_41xxx.o(.text)
    SysTick_Handler                          0x080001b9   Thumb Code     2  startup_stm32f40_41xxx.o(.text)
    ADC_IRQHandler                           0x080001bb   Thumb Code     0  startup_stm32f40_41xxx.o(.text)
    CAN1_RX0_IRQHandler                      0x080001bb   Thumb Code     0  startup_stm32f40_41xxx.o(.text)
    CAN1_RX1_IRQHandler                      0x080001bb   Thumb Code     0  startup_stm32f40_41xxx.o(.text)
    CAN1_SCE_IRQHandler                      0x080001bb   Thumb Code     0  startup_stm32f40_41xxx.o(.text)
    CAN1_TX_IRQHandler                       0x080001bb   Thumb Code     0  startup_stm32f40_41xxx.o(.text)
    CAN2_RX0_IRQHandler                      0x080001bb   Thumb Code     0  startup_stm32f40_41xxx.o(.text)
    CAN2_RX1_IRQHandler                      0x080001bb   Thumb Code     0  startup_stm32f40_41xxx.o(.text)
    CAN2_SCE_IRQHandler                      0x080001bb   Thumb Code     0  startup_stm32f40_41xxx.o(.text)
    CAN2_TX_IRQHandler                       0x080001bb   Thumb Code     0  startup_stm32f40_41xxx.o(.text)
    CRYP_IRQHandler                          0x080001bb   Thumb Code     0  startup_stm32f40_41xxx.o(.text)
    DCMI_IRQHandler                          0x080001bb   Thumb Code     0  startup_stm32f40_41xxx.o(.text)
    DMA1_Stream0_IRQHandler                  0x080001bb   Thumb Code     0  startup_stm32f40_41xxx.o(.text)
    DMA1_Stream1_IRQHandler                  0x080001bb   Thumb Code     0  startup_stm32f40_41xxx.o(.text)
    DMA1_Stream2_IRQHandler                  0x080001bb   Thumb Code     0  startup_stm32f40_41xxx.o(.text)
    DMA1_Stream3_IRQHandler                  0x080001bb   Thumb Code     0  startup_stm32f40_41xxx.o(.text)
    DMA1_Stream4_IRQHandler                  0x080001bb   Thumb Code     0  startup_stm32f40_41xxx.o(.text)
    DMA1_Stream5_IRQHandler                  0x080001bb   Thumb Code     0  startup_stm32f40_41xxx.o(.text)
    DMA1_Stream6_IRQHandler                  0x080001bb   Thumb Code     0  startup_stm32f40_41xxx.o(.text)
    DMA1_Stream7_IRQHandler                  0x080001bb   Thumb Code     0  startup_stm32f40_41xxx.o(.text)
    DMA2_Stream0_IRQHandler                  0x080001bb   Thumb Code     0  startup_stm32f40_41xxx.o(.text)
    DMA2_Stream1_IRQHandler                  0x080001bb   Thumb Code     0  startup_stm32f40_41xxx.o(.text)
    DMA2_Stream2_IRQHandler                  0x080001bb   Thumb Code     0  startup_stm32f40_41xxx.o(.text)
    DMA2_Stream3_IRQHandler                  0x080001bb   Thumb Code     0  startup_stm32f40_41xxx.o(.text)
    DMA2_Stream4_IRQHandler                  0x080001bb   Thumb Code     0  startup_stm32f40_41xxx.o(.text)
    DMA2_Stream5_IRQHandler                  0x080001bb   Thumb Code     0  startup_stm32f40_41xxx.o(.text)
    DMA2_Stream6_IRQHandler                  0x080001bb   Thumb Code     0  startup_stm32f40_41xxx.o(.text)
    DMA2_Stream7_IRQHandler                  0x080001bb   Thumb Code     0  startup_stm32f40_41xxx.o(.text)
    ETH_IRQHandler                           0x080001bb   Thumb Code     0  startup_stm32f40_41xxx.o(.text)
    ETH_WKUP_IRQHandler                      0x080001bb   Thumb Code     0  startup_stm32f40_41xxx.o(.text)
    EXTI0_IRQHandler                         0x080001bb   Thumb Code     0  startup_stm32f40_41xxx.o(.text)
    EXTI15_10_IRQHandler                     0x080001bb   Thumb Code     0  startup_stm32f40_41xxx.o(.text)
    EXTI1_IRQHandler                         0x080001bb   Thumb Code     0  startup_stm32f40_41xxx.o(.text)
    EXTI2_IRQHandler                         0x080001bb   Thumb Code     0  startup_stm32f40_41xxx.o(.text)
    EXTI3_IRQHandler                         0x080001bb   Thumb Code     0  startup_stm32f40_41xxx.o(.text)
    EXTI4_IRQHandler                         0x080001bb   Thumb Code     0  startup_stm32f40_41xxx.o(.text)
    EXTI9_5_IRQHandler                       0x080001bb   Thumb Code     0  startup_stm32f40_41xxx.o(.text)
    FLASH_IRQHandler                         0x080001bb   Thumb Code     0  startup_stm32f40_41xxx.o(.text)
    FPU_IRQHandler                           0x080001bb   Thumb Code     0  startup_stm32f40_41xxx.o(.text)
    FSMC_IRQHandler                          0x080001bb   Thumb Code     0  startup_stm32f40_41xxx.o(.text)
    HASH_RNG_IRQHandler                      0x080001bb   Thumb Code     0  startup_stm32f40_41xxx.o(.text)
    I2C1_ER_IRQHandler                       0x080001bb   Thumb Code     0  startup_stm32f40_41xxx.o(.text)
    I2C1_EV_IRQHandler                       0x080001bb   Thumb Code     0  startup_stm32f40_41xxx.o(.text)
    I2C2_ER_IRQHandler                       0x080001bb   Thumb Code     0  startup_stm32f40_41xxx.o(.text)
    I2C2_EV_IRQHandler                       0x080001bb   Thumb Code     0  startup_stm32f40_41xxx.o(.text)
    I2C3_ER_IRQHandler                       0x080001bb   Thumb Code     0  startup_stm32f40_41xxx.o(.text)
    I2C3_EV_IRQHandler                       0x080001bb   Thumb Code     0  startup_stm32f40_41xxx.o(.text)
    OTG_FS_IRQHandler                        0x080001bb   Thumb Code     0  startup_stm32f40_41xxx.o(.text)
    OTG_FS_WKUP_IRQHandler                   0x080001bb   Thumb Code     0  startup_stm32f40_41xxx.o(.text)
    OTG_HS_EP1_IN_IRQHandler                 0x080001bb   Thumb Code     0  startup_stm32f40_41xxx.o(.text)
    OTG_HS_EP1_OUT_IRQHandler                0x080001bb   Thumb Code     0  startup_stm32f40_41xxx.o(.text)
    OTG_HS_IRQHandler                        0x080001bb   Thumb Code     0  startup_stm32f40_41xxx.o(.text)
    OTG_HS_WKUP_IRQHandler                   0x080001bb   Thumb Code     0  startup_stm32f40_41xxx.o(.text)
    PVD_IRQHandler                           0x080001bb   Thumb Code     0  startup_stm32f40_41xxx.o(.text)
    RCC_IRQHandler                           0x080001bb   Thumb Code     0  startup_stm32f40_41xxx.o(.text)
    RTC_Alarm_IRQHandler                     0x080001bb   Thumb Code     0  startup_stm32f40_41xxx.o(.text)
    RTC_WKUP_IRQHandler                      0x080001bb   Thumb Code     0  startup_stm32f40_41xxx.o(.text)
    SDIO_IRQHandler                          0x080001bb   Thumb Code     0  startup_stm32f40_41xxx.o(.text)
    SPI1_IRQHandler                          0x080001bb   Thumb Code     0  startup_stm32f40_41xxx.o(.text)
    SPI2_IRQHandler                          0x080001bb   Thumb Code     0  startup_stm32f40_41xxx.o(.text)
    SPI3_IRQHandler                          0x080001bb   Thumb Code     0  startup_stm32f40_41xxx.o(.text)
    TAMP_STAMP_IRQHandler                    0x080001bb   Thumb Code     0  startup_stm32f40_41xxx.o(.text)
    TIM1_BRK_TIM9_IRQHandler                 0x080001bb   Thumb Code     0  startup_stm32f40_41xxx.o(.text)
    TIM1_CC_IRQHandler                       0x080001bb   Thumb Code     0  startup_stm32f40_41xxx.o(.text)
    TIM1_TRG_COM_TIM11_IRQHandler            0x080001bb   Thumb Code     0  startup_stm32f40_41xxx.o(.text)
    TIM1_UP_TIM10_IRQHandler                 0x080001bb   Thumb Code     0  startup_stm32f40_41xxx.o(.text)
    TIM2_IRQHandler                          0x080001bb   Thumb Code     0  startup_stm32f40_41xxx.o(.text)
    TIM3_IRQHandler                          0x080001bb   Thumb Code     0  startup_stm32f40_41xxx.o(.text)
    TIM4_IRQHandler                          0x080001bb   Thumb Code     0  startup_stm32f40_41xxx.o(.text)
    TIM5_IRQHandler                          0x080001bb   Thumb Code     0  startup_stm32f40_41xxx.o(.text)
    TIM6_DAC_IRQHandler                      0x080001bb   Thumb Code     0  startup_stm32f40_41xxx.o(.text)
    TIM7_IRQHandler                          0x080001bb   Thumb Code     0  startup_stm32f40_41xxx.o(.text)
    TIM8_BRK_TIM12_IRQHandler                0x080001bb   Thumb Code     0  startup_stm32f40_41xxx.o(.text)
    TIM8_CC_IRQHandler                       0x080001bb   Thumb Code     0  startup_stm32f40_41xxx.o(.text)
    TIM8_TRG_COM_TIM14_IRQHandler            0x080001bb   Thumb Code     0  startup_stm32f40_41xxx.o(.text)
    TIM8_UP_TIM13_IRQHandler                 0x080001bb   Thumb Code     0  startup_stm32f40_41xxx.o(.text)
    UART4_IRQHandler                         0x080001bb   Thumb Code     0  startup_stm32f40_41xxx.o(.text)
    UART5_IRQHandler                         0x080001bb   Thumb Code     0  startup_stm32f40_41xxx.o(.text)
    USART1_IRQHandler                        0x080001bb   Thumb Code     0  startup_stm32f40_41xxx.o(.text)
    USART2_IRQHandler                        0x080001bb   Thumb Code     0  startup_stm32f40_41xxx.o(.text)
    USART3_IRQHandler                        0x080001bb   Thumb Code     0  startup_stm32f40_41xxx.o(.text)
    USART6_IRQHandler                        0x080001bb   Thumb Code     0  startup_stm32f40_41xxx.o(.text)
    WWDG_IRQHandler                          0x080001bb   Thumb Code     0  startup_stm32f40_41xxx.o(.text)
    rand                                     0x080001c5   Thumb Code    20  rand.o(.text)
    srand                                    0x080001d9   Thumb Code     6  rand.o(.text)
    __aeabi_memset                           0x080001e9   Thumb Code    14  memseta.o(.text)
    __aeabi_memset4                          0x080001e9   Thumb Code     0  memseta.o(.text)
    __aeabi_memset8                          0x080001e9   Thumb Code     0  memseta.o(.text)
    __aeabi_memclr                           0x080001f7   Thumb Code     4  memseta.o(.text)
    __aeabi_memclr4                          0x080001f7   Thumb Code     0  memseta.o(.text)
    __aeabi_memclr8                          0x080001f7   Thumb Code     0  memseta.o(.text)
    _memset$wrapper                          0x080001fb   Thumb Code    18  memseta.o(.text)
    strlen                                   0x0800020d   Thumb Code    14  strlen.o(.text)
    strcpy                                   0x0800021b   Thumb Code    18  strcpy.o(.text)
    __aeabi_uldivmod                         0x0800022d   Thumb Code    98  uldiv.o(.text)
    __scatterload                            0x08000291   Thumb Code    28  init.o(.text)
    __scatterload_rt2                        0x08000291   Thumb Code     0  init.o(.text)
    __aeabi_llsl                             0x080002b5   Thumb Code    30  llshl.o(.text)
    _ll_shift_l                              0x080002b5   Thumb Code     0  llshl.o(.text)
    __aeabi_llsr                             0x080002d3   Thumb Code    32  llushr.o(.text)
    _ll_ushift_r                             0x080002d3   Thumb Code     0  llushr.o(.text)
    BusFault_Handler                         0x080002f3   Thumb Code     4  stm32f4xx_it.o(i.BusFault_Handler)
    CTP_Delay                                0x080002f7   Thumb Code    10  ctpiic.o(i.CTP_Delay)
    CTP_IIC_Ack                              0x08000301   Thumb Code    62  ctpiic.o(i.CTP_IIC_Ack)
    CTP_IIC_Init                             0x08000351   Thumb Code    72  ctpiic.o(i.CTP_IIC_Init)
    CTP_IIC_NAck                             0x080003a9   Thumb Code    62  ctpiic.o(i.CTP_IIC_NAck)
    CTP_IIC_Read_Byte                        0x080003f9   Thumb Code    86  ctpiic.o(i.CTP_IIC_Read_Byte)
    CTP_IIC_Send_Byte                        0x08000461   Thumb Code    78  ctpiic.o(i.CTP_IIC_Send_Byte)
    CTP_IIC_Start                            0x080004c1   Thumb Code    60  ctpiic.o(i.CTP_IIC_Start)
    CTP_IIC_Stop                             0x08000509   Thumb Code    60  ctpiic.o(i.CTP_IIC_Stop)
    CTP_IIC_Wait_Ack                         0x08000551   Thumb Code    80  ctpiic.o(i.CTP_IIC_Wait_Ack)
    Chinese_Font_test                        0x080005b1   Thumb Code   122  lcd_test.o(i.Chinese_Font_test)
    DebugMon_Handler                         0x080006a5   Thumb Code     2  stm32f4xx_it.o(i.DebugMon_Handler)
    DrawTestPage                             0x080006a9   Thumb Code   118  lcd_test.o(i.DrawTestPage)
    Draw_Circle_Helper                       0x08000741   Thumb Code   214  gui.o(i.Draw_Circle_Helper)
    Draw_Triangel                            0x08000817   Thumb Code    56  gui.o(i.Draw_Triangel)
    English_Font_test                        0x08000851   Thumb Code   174  lcd_test.o(i.English_Font_test)
    FT6336_Init                              0x08000a05   Thumb Code   190  ft6336.o(i.FT6336_Init)
    FT6336_RD_Reg                            0x08000ad5   Thumb Code    88  ft6336.o(i.FT6336_RD_Reg)
    FT6336_Scan                              0x08000b2d   Thumb Code   484  ft6336.o(i.FT6336_Scan)
    Fill_Circle_Helper                       0x08000d21   Thumb Code   278  gui.o(i.Fill_Circle_Helper)
    Fill_Triangel                            0x08000e39   Thumb Code   522  gui.o(i.Fill_Triangel)
    GPIO_Init                                0x08001049   Thumb Code   144  stm32f4xx_gpio.o(i.GPIO_Init)
    GPIO_PinAFConfig                         0x080010d9   Thumb Code    70  stm32f4xx_gpio.o(i.GPIO_PinAFConfig)
    GUI_DrawFont16                           0x08001121   Thumb Code   252  gui.o(i.GUI_DrawFont16)
    GUI_DrawFont24                           0x08001229   Thumb Code   268  gui.o(i.GUI_DrawFont24)
    GUI_DrawFont32                           0x08001341   Thumb Code   252  gui.o(i.GUI_DrawFont32)
    GUI_DrawPoint                            0x08001449   Thumb Code    24  gui.o(i.GUI_DrawPoint)
    Gui_Drawbmp16                            0x08001461   Thumb Code    90  gui.o(i.Gui_Drawbmp16)
    Gui_StrCenter                            0x080014c1   Thumb Code    60  gui.o(i.Gui_StrCenter)
    HardFault_Handler                        0x08001501   Thumb Code     4  stm32f4xx_it.o(i.HardFault_Handler)
    LCD_Clear                                0x08001505   Thumb Code    94  lcd.o(i.LCD_Clear)
    LCD_DrawFillRectangle                    0x08001571   Thumb Code    30  gui.o(i.LCD_DrawFillRectangle)
    LCD_DrawLine                             0x08001595   Thumb Code   176  gui.o(i.LCD_DrawLine)
    LCD_DrawLine2                            0x08001645   Thumb Code   170  gui.o(i.LCD_DrawLine2)
    LCD_DrawPoint                            0x080016f1   Thumb Code    24  lcd.o(i.LCD_DrawPoint)
    LCD_DrawRectangle                        0x0800170d   Thumb Code    64  gui.o(i.LCD_DrawRectangle)
    LCD_DrawRoundRectangle                   0x0800174d   Thumb Code   154  gui.o(i.LCD_DrawRoundRectangle)
    LCD_Fill                                 0x080017e9   Thumb Code   110  gui.o(i.LCD_Fill)
    LCD_FillRoundRectangle                   0x0800185d   Thumb Code   110  gui.o(i.LCD_FillRoundRectangle)
    LCD_GPIOInit                             0x080018d1   Thumb Code    56  lcd.o(i.LCD_GPIOInit)
    LCD_Init                                 0x08001911   Thumb Code   444  lcd.o(i.LCD_Init)
    LCD_RESET                                0x08001acd   Thumb Code    32  lcd.o(i.LCD_RESET)
    LCD_ReadPoint                            0x08001af1   Thumb Code    24  lcd.o(i.LCD_ReadPoint)
    LCD_Read_ID                              0x08001b09   Thumb Code   248  lcd.o(i.LCD_Read_ID)
    LCD_SetCursor                            0x08001c0d   Thumb Code    20  lcd.o(i.LCD_SetCursor)
    LCD_SetWindows                           0x08001c21   Thumb Code    84  lcd.o(i.LCD_SetWindows)
    LCD_ShowChar                             0x08001c79   Thumb Code   276  gui.o(i.LCD_ShowChar)
    LCD_ShowNum                              0x08001d9d   Thumb Code   168  gui.o(i.LCD_ShowNum)
    LCD_ShowString                           0x08001e4d   Thumb Code    94  gui.o(i.LCD_ShowString)
    LCD_WR_DATA                              0x08001eb9   Thumb Code    34  lcd.o(i.LCD_WR_DATA)
    LCD_WR_REG                               0x08001ee5   Thumb Code    34  lcd.o(i.LCD_WR_REG)
    LCD_WriteRAM_Prepare                     0x08001f11   Thumb Code    12  lcd.o(i.LCD_WriteRAM_Prepare)
    LCD_WriteReg                             0x08001f21   Thumb Code    20  lcd.o(i.LCD_WriteReg)
    LCD_direction                            0x08001f35   Thumb Code   162  lcd.o(i.LCD_direction)
    Lcd_ReadData_16Bit                       0x08001fdd   Thumb Code    98  lcd.o(i.Lcd_ReadData_16Bit)
    Lcd_WriteData_16Bit                      0x0800204d   Thumb Code    42  lcd.o(i.Lcd_WriteData_16Bit)
    MemManage_Handler                        0x08002081   Thumb Code     4  stm32f4xx_it.o(i.MemManage_Handler)
    NMI_Handler                              0x08002085   Thumb Code     2  stm32f4xx_it.o(i.NMI_Handler)
    PendSV_Handler                           0x08002087   Thumb Code     2  stm32f4xx_it.o(i.PendSV_Handler)
    Pic_test                                 0x08002089   Thumb Code   126  lcd_test.o(i.Pic_test)
    RCC_AHB1PeriphClockCmd                   0x08002125   Thumb Code    26  stm32f4xx_rcc.o(i.RCC_AHB1PeriphClockCmd)
    RCC_APB2PeriphClockCmd                   0x08002145   Thumb Code    26  stm32f4xx_rcc.o(i.RCC_APB2PeriphClockCmd)
    RCC_APB2PeriphResetCmd                   0x08002165   Thumb Code    26  stm32f4xx_rcc.o(i.RCC_APB2PeriphResetCmd)
    Rotate_Test                              0x08002185   Thumb Code   108  lcd_test.o(i.Rotate_Test)
    SPI1_Init                                0x0800220d   Thumb Code   178  lcd_spi.o(i.SPI1_Init)
    SPI_Cmd                                  0x080022c9   Thumb Code    24  stm32f4xx_spi.o(i.SPI_Cmd)
    SPI_Init                                 0x080022e1   Thumb Code    60  stm32f4xx_spi.o(i.SPI_Init)
    SPI_SetSpeed                             0x0800231d   Thumb Code    38  lcd_spi.o(i.SPI_SetSpeed)
    SPI_WriteByte                            0x08002343   Thumb Code    34  lcd_spi.o(i.SPI_WriteByte)
    SVC_Handler                              0x08002365   Thumb Code     2  stm32f4xx_it.o(i.SVC_Handler)
    Show_Str                                 0x08002455   Thumb Code   264  gui.o(i.Show_Str)
    SysTick_CLKSourceConfig                  0x08002561   Thumb Code    40  misc.o(i.SysTick_CLKSourceConfig)
    SystemInit                               0x08002589   Thumb Code    88  system_stm32f4xx.o(i.SystemInit)
    TP_Init                                  0x080025f1   Thumb Code    22  touch.o(i.TP_Init)
    Test_Circle                              0x08002611   Thumb Code   224  lcd_test.o(i.Test_Circle)
    Test_Color                               0x08002711   Thumb Code   330  lcd_test.o(i.Test_Color)
    Test_Dynamic_Num                         0x08002891   Thumb Code   382  lcd_test.o(i.Test_Dynamic_Num)
    Test_FillRec                             0x08002acd   Thumb Code   392  lcd_test.o(i.Test_FillRec)
    Test_Read                                0x08002c79   Thumb Code   230  lcd_test.o(i.Test_Read)
    Test_Triangle                            0x08002dad   Thumb Code   476  lcd_test.o(i.Test_Triangle)
    Touch_Button_Test                        0x08002fb1   Thumb Code  1636  lcd_test.o(i.Touch_Button_Test)
    Touch_Pen_Test                           0x08003625   Thumb Code   236  lcd_test.o(i.Touch_Pen_Test)
    Touch_Test                               0x08003735   Thumb Code    20  lcd_test.o(i.Touch_Test)
    UsageFault_Handler                       0x0800374d   Thumb Code     4  stm32f4xx_it.o(i.UsageFault_Handler)
    __0sprintf$8                             0x08003751   Thumb Code    34  printf8.o(i.__0sprintf$8)
    __1sprintf$8                             0x08003751   Thumb Code     0  printf8.o(i.__0sprintf$8)
    __2sprintf                               0x08003751   Thumb Code     0  printf8.o(i.__0sprintf$8)
    __scatterload_copy                       0x08003779   Thumb Code    14  handlers.o(i.__scatterload_copy)
    __scatterload_null                       0x08003787   Thumb Code     2  handlers.o(i.__scatterload_null)
    __scatterload_zeroinit                   0x08003789   Thumb Code    14  handlers.o(i.__scatterload_zeroinit)
    _draw_circle_8                           0x08003797   Thumb Code   132  gui.o(i._draw_circle_8)
    delay_init                               0x08003c89   Thumb Code    52  lcd_delay.o(i.delay_init)
    delay_ms                                 0x08003cc5   Thumb Code    56  lcd_delay.o(i.delay_ms)
    delay_us                                 0x08003cfd   Thumb Code    72  lcd_delay.o(i.delay_us)
    delay_xms                                0x08003d49   Thumb Code    72  lcd_delay.o(i.delay_xms)
    gui_circle                               0x08003d95   Thumb Code   154  gui.o(i.gui_circle)
    main                                     0x08003e2f   Thumb Code    62  main.o(i.main)
    main_test                                0x08003e6d   Thumb Code   124  lcd_test.o(i.main_test)
    mypow                                    0x08003f41   Thumb Code    22  gui.o(i.mypow)
    FT6336_TPX_TBL                           0x08003f56   Data           4  ft6336.o(.constdata)
    asc2_1206                                0x08003f5a   Data        1140  gui.o(.constdata)
    asc2_1608                                0x080043ce   Data        1520  gui.o(.constdata)
    tfont16                                  0x080049be   Data        2550  gui.o(.constdata)
    tfont24                                  0x080053b4   Data         518  gui.o(.constdata)
    tfont32                                  0x080055ba   Data         520  gui.o(.constdata)
    gImage_qq                                0x080057c4   Data        3200  lcd_test.o(.constdata)
    POINT_COLOR_TBL                          0x08006444   Data           2  lcd_test.o(.constdata)
    Region$$Table$$Base                      0x08006490   Number         0  anon$$obj.o(Region$$Table)
    Region$$Table$$Limit                     0x080064b0   Number         0  anon$$obj.o(Region$$Table)
    POINT_COLOR                              0x20000000   Data           2  lcd.o(.data)
    BACK_COLOR                               0x20000002   Data           2  lcd.o(.data)
    DeviceCode                               0x20000004   Data           2  lcd.o(.data)
    tp_dev                                   0x20000008   Data          20  touch.o(.data)
    ColorTab                                 0x20000020   Data          10  lcd_test.o(.data)
    ColornTab                                0x2000002a   Data          16  lcd_test.o(.data)
    lcddev                                   0x20000040   Data          16  lcd.o(.bss)
    __initial_sp                             0x20000450   Data           0  startup_stm32f40_41xxx.o(STACK)



==============================================================================

Memory Map of the image

  Image Entry point : 0x08000189

  Load Region LR_IROM1 (Base: 0x08000000, Size: 0x000064f0, Max: 0x00100000, ABSOLUTE)

    Execution Region ER_IROM1 (Exec base: 0x08000000, Load base: 0x08000000, Size: 0x000064b0, Max: 0x00100000, ABSOLUTE)

    Exec Addr    Load Addr    Size         Type   Attr      Idx    E Section Name        Object

    0x08000000   0x08000000   0x00000188   Data   RO            3    RESET               startup_stm32f40_41xxx.o
    0x08000188   0x08000188   0x00000000   Code   RO         6088  * .ARM.Collect$$$$00000000  mc_w.l(entry.o)
    0x08000188   0x08000188   0x00000004   Code   RO         6361    .ARM.Collect$$$$00000001  mc_w.l(entry2.o)
    0x0800018c   0x0800018c   0x00000004   Code   RO         6364    .ARM.Collect$$$$00000004  mc_w.l(entry5.o)
    0x08000190   0x08000190   0x00000000   Code   RO         6366    .ARM.Collect$$$$00000008  mc_w.l(entry7b.o)
    0x08000190   0x08000190   0x00000000   Code   RO         6368    .ARM.Collect$$$$0000000A  mc_w.l(entry8b.o)
    0x08000190   0x08000190   0x00000008   Code   RO         6369    .ARM.Collect$$$$0000000B  mc_w.l(entry9a.o)
    0x08000198   0x08000198   0x00000004   Code   RO         6376    .ARM.Collect$$$$0000000E  mc_w.l(entry12b.o)
    0x0800019c   0x0800019c   0x00000000   Code   RO         6371    .ARM.Collect$$$$0000000F  mc_w.l(entry10a.o)
    0x0800019c   0x0800019c   0x00000000   Code   RO         6373    .ARM.Collect$$$$00000011  mc_w.l(entry11a.o)
    0x0800019c   0x0800019c   0x00000004   Code   RO         6362    .ARM.Collect$$$$00002712  mc_w.l(entry2.o)
    0x080001a0   0x080001a0   0x00000024   Code   RO            4    .text               startup_stm32f40_41xxx.o
    0x080001c4   0x080001c4   0x00000024   Code   RO         6091    .text               mc_w.l(rand.o)
    0x080001e8   0x080001e8   0x00000024   Code   RO         6094    .text               mc_w.l(memseta.o)
    0x0800020c   0x0800020c   0x0000000e   Code   RO         6096    .text               mc_w.l(strlen.o)
    0x0800021a   0x0800021a   0x00000012   Code   RO         6098    .text               mc_w.l(strcpy.o)
    0x0800022c   0x0800022c   0x00000062   Code   RO         6382    .text               mc_w.l(uldiv.o)
    0x0800028e   0x0800028e   0x00000002   PAD
    0x08000290   0x08000290   0x00000024   Code   RO         6395    .text               mc_w.l(init.o)
    0x080002b4   0x080002b4   0x0000001e   Code   RO         6398    .text               mc_w.l(llshl.o)
    0x080002d2   0x080002d2   0x00000020   Code   RO         6400    .text               mc_w.l(llushr.o)
    0x080002f2   0x080002f2   0x00000004   Code   RO         5981    i.BusFault_Handler  stm32f4xx_it.o
    0x080002f6   0x080002f6   0x0000000a   Code   RO         5352    i.CTP_Delay         ctpiic.o
    0x08000300   0x08000300   0x00000050   Code   RO         5353    i.CTP_IIC_Ack       ctpiic.o
    0x08000350   0x08000350   0x00000058   Code   RO         5354    i.CTP_IIC_Init      ctpiic.o
    0x080003a8   0x080003a8   0x00000050   Code   RO         5355    i.CTP_IIC_NAck      ctpiic.o
    0x080003f8   0x080003f8   0x00000068   Code   RO         5356    i.CTP_IIC_Read_Byte  ctpiic.o
    0x08000460   0x08000460   0x00000060   Code   RO         5357    i.CTP_IIC_Send_Byte  ctpiic.o
    0x080004c0   0x080004c0   0x00000048   Code   RO         5358    i.CTP_IIC_Start     ctpiic.o
    0x08000508   0x08000508   0x00000048   Code   RO         5359    i.CTP_IIC_Stop      ctpiic.o
    0x08000550   0x08000550   0x00000060   Code   RO         5360    i.CTP_IIC_Wait_Ack  ctpiic.o
    0x080005b0   0x080005b0   0x000000f4   Code   RO         5818    i.Chinese_Font_test  lcd_test.o
    0x080006a4   0x080006a4   0x00000002   Code   RO         5982    i.DebugMon_Handler  stm32f4xx_it.o
    0x080006a6   0x080006a6   0x00000002   PAD
    0x080006a8   0x080006a8   0x00000098   Code   RO         5819    i.DrawTestPage      lcd_test.o
    0x08000740   0x08000740   0x000000d6   Code   RO         5639    i.Draw_Circle_Helper  gui.o
    0x08000816   0x08000816   0x00000038   Code   RO         5640    i.Draw_Triangel     gui.o
    0x0800084e   0x0800084e   0x00000002   PAD
    0x08000850   0x08000850   0x000001b4   Code   RO         5820    i.English_Font_test  lcd_test.o
    0x08000a04   0x08000a04   0x000000d0   Code   RO         5427    i.FT6336_Init       ft6336.o
    0x08000ad4   0x08000ad4   0x00000058   Code   RO         5428    i.FT6336_RD_Reg     ft6336.o
    0x08000b2c   0x08000b2c   0x000001f4   Code   RO         5429    i.FT6336_Scan       ft6336.o
    0x08000d20   0x08000d20   0x00000116   Code   RO         5641    i.Fill_Circle_Helper  gui.o
    0x08000e36   0x08000e36   0x00000002   PAD
    0x08000e38   0x08000e38   0x00000210   Code   RO         5642    i.Fill_Triangel     gui.o
    0x08001048   0x08001048   0x00000090   Code   RO         2032    i.GPIO_Init         stm32f4xx_gpio.o
    0x080010d8   0x080010d8   0x00000046   Code   RO         2033    i.GPIO_PinAFConfig  stm32f4xx_gpio.o
    0x0800111e   0x0800111e   0x00000002   PAD
    0x08001120   0x08001120   0x00000108   Code   RO         5643    i.GUI_DrawFont16    gui.o
    0x08001228   0x08001228   0x00000118   Code   RO         5644    i.GUI_DrawFont24    gui.o
    0x08001340   0x08001340   0x00000108   Code   RO         5645    i.GUI_DrawFont32    gui.o
    0x08001448   0x08001448   0x00000018   Code   RO         5646    i.GUI_DrawPoint     gui.o
    0x08001460   0x08001460   0x00000060   Code   RO         5647    i.Gui_Drawbmp16     gui.o
    0x080014c0   0x080014c0   0x00000040   Code   RO         5648    i.Gui_StrCenter     gui.o
    0x08001500   0x08001500   0x00000004   Code   RO         5983    i.HardFault_Handler  stm32f4xx_it.o
    0x08001504   0x08001504   0x0000006c   Code   RO         5201    i.LCD_Clear         lcd.o
    0x08001570   0x08001570   0x00000024   Code   RO         5649    i.LCD_DrawFillRectangle  gui.o
    0x08001594   0x08001594   0x000000b0   Code   RO         5650    i.LCD_DrawLine      gui.o
    0x08001644   0x08001644   0x000000aa   Code   RO         5651    i.LCD_DrawLine2     gui.o
    0x080016ee   0x080016ee   0x00000002   PAD
    0x080016f0   0x080016f0   0x0000001c   Code   RO         5202    i.LCD_DrawPoint     lcd.o
    0x0800170c   0x0800170c   0x00000040   Code   RO         5652    i.LCD_DrawRectangle  gui.o
    0x0800174c   0x0800174c   0x0000009a   Code   RO         5653    i.LCD_DrawRoundRectangle  gui.o
    0x080017e6   0x080017e6   0x00000002   PAD
    0x080017e8   0x080017e8   0x00000074   Code   RO         5654    i.LCD_Fill          gui.o
    0x0800185c   0x0800185c   0x00000074   Code   RO         5655    i.LCD_FillRoundRectangle  gui.o
    0x080018d0   0x080018d0   0x00000040   Code   RO         5203    i.LCD_GPIOInit      lcd.o
    0x08001910   0x08001910   0x000001bc   Code   RO         5204    i.LCD_Init          lcd.o
    0x08001acc   0x08001acc   0x00000024   Code   RO         5206    i.LCD_RESET         lcd.o
    0x08001af0   0x08001af0   0x00000018   Code   RO         5207    i.LCD_ReadPoint     lcd.o
    0x08001b08   0x08001b08   0x00000104   Code   RO         5210    i.LCD_Read_ID       lcd.o
    0x08001c0c   0x08001c0c   0x00000014   Code   RO         5211    i.LCD_SetCursor     lcd.o
    0x08001c20   0x08001c20   0x00000058   Code   RO         5212    i.LCD_SetWindows    lcd.o
    0x08001c78   0x08001c78   0x00000124   Code   RO         5656    i.LCD_ShowChar      gui.o
    0x08001d9c   0x08001d9c   0x000000b0   Code   RO         5657    i.LCD_ShowNum       gui.o
    0x08001e4c   0x08001e4c   0x0000006c   Code   RO         5658    i.LCD_ShowString    gui.o
    0x08001eb8   0x08001eb8   0x0000002c   Code   RO         5213    i.LCD_WR_DATA       lcd.o
    0x08001ee4   0x08001ee4   0x0000002c   Code   RO         5214    i.LCD_WR_REG        lcd.o
    0x08001f10   0x08001f10   0x00000010   Code   RO         5215    i.LCD_WriteRAM_Prepare  lcd.o
    0x08001f20   0x08001f20   0x00000014   Code   RO         5216    i.LCD_WriteReg      lcd.o
    0x08001f34   0x08001f34   0x000000a8   Code   RO         5217    i.LCD_direction     lcd.o
    0x08001fdc   0x08001fdc   0x00000070   Code   RO         5218    i.Lcd_ReadData_16Bit  lcd.o
    0x0800204c   0x0800204c   0x00000034   Code   RO         5219    i.Lcd_WriteData_16Bit  lcd.o
    0x08002080   0x08002080   0x00000004   Code   RO         5984    i.MemManage_Handler  stm32f4xx_it.o
    0x08002084   0x08002084   0x00000002   Code   RO         5985    i.NMI_Handler       stm32f4xx_it.o
    0x08002086   0x08002086   0x00000002   Code   RO         5986    i.PendSV_Handler    stm32f4xx_it.o
    0x08002088   0x08002088   0x0000009c   Code   RO         5821    i.Pic_test          lcd_test.o
    0x08002124   0x08002124   0x00000020   Code   RO         2973    i.RCC_AHB1PeriphClockCmd  stm32f4xx_rcc.o
    0x08002144   0x08002144   0x00000020   Code   RO         2985    i.RCC_APB2PeriphClockCmd  stm32f4xx_rcc.o
    0x08002164   0x08002164   0x00000020   Code   RO         2987    i.RCC_APB2PeriphResetCmd  stm32f4xx_rcc.o
    0x08002184   0x08002184   0x00000088   Code   RO         5822    i.Rotate_Test       lcd_test.o
    0x0800220c   0x0800220c   0x000000bc   Code   RO         5528    i.SPI1_Init         lcd_spi.o
    0x080022c8   0x080022c8   0x00000018   Code   RO         4140    i.SPI_Cmd           stm32f4xx_spi.o
    0x080022e0   0x080022e0   0x0000003c   Code   RO         4153    i.SPI_Init          stm32f4xx_spi.o
    0x0800231c   0x0800231c   0x00000026   Code   RO         5529    i.SPI_SetSpeed      lcd_spi.o
    0x08002342   0x08002342   0x00000022   Code   RO         5530    i.SPI_WriteByte     lcd_spi.o
    0x08002364   0x08002364   0x00000002   Code   RO         5987    i.SVC_Handler       stm32f4xx_it.o
    0x08002366   0x08002366   0x00000002   PAD
    0x08002368   0x08002368   0x000000ec   Code   RO         6050    i.SetSysClock       system_stm32f4xx.o
    0x08002454   0x08002454   0x0000010c   Code   RO         5659    i.Show_Str          gui.o
    0x08002560   0x08002560   0x00000028   Code   RO           17    i.SysTick_CLKSourceConfig  misc.o
    0x08002588   0x08002588   0x00000068   Code   RO         6052    i.SystemInit        system_stm32f4xx.o
    0x080025f0   0x080025f0   0x00000020   Code   RO         5491    i.TP_Init           touch.o
    0x08002610   0x08002610   0x00000100   Code   RO         5823    i.Test_Circle       lcd_test.o
    0x08002710   0x08002710   0x00000180   Code   RO         5824    i.Test_Color        lcd_test.o
    0x08002890   0x08002890   0x0000023c   Code   RO         5825    i.Test_Dynamic_Num  lcd_test.o
    0x08002acc   0x08002acc   0x000001ac   Code   RO         5826    i.Test_FillRec      lcd_test.o
    0x08002c78   0x08002c78   0x00000134   Code   RO         5827    i.Test_Read         lcd_test.o
    0x08002dac   0x08002dac   0x00000204   Code   RO         5828    i.Test_Triangle     lcd_test.o
    0x08002fb0   0x08002fb0   0x00000674   Code   RO         5829    i.Touch_Button_Test  lcd_test.o
    0x08003624   0x08003624   0x00000110   Code   RO         5830    i.Touch_Pen_Test    lcd_test.o
    0x08003734   0x08003734   0x00000018   Code   RO         5831    i.Touch_Test        lcd_test.o
    0x0800374c   0x0800374c   0x00000004   Code   RO         5988    i.UsageFault_Handler  stm32f4xx_it.o
    0x08003750   0x08003750   0x00000028   Code   RO         6309    i.__0sprintf$8      mc_w.l(printf8.o)
    0x08003778   0x08003778   0x0000000e   Code   RO         6409    i.__scatterload_copy  mc_w.l(handlers.o)
    0x08003786   0x08003786   0x00000002   Code   RO         6410    i.__scatterload_null  mc_w.l(handlers.o)
    0x08003788   0x08003788   0x0000000e   Code   RO         6411    i.__scatterload_zeroinit  mc_w.l(handlers.o)
    0x08003796   0x08003796   0x00000084   Code   RO         5660    i._draw_circle_8    gui.o
    0x0800381a   0x0800381a   0x00000002   PAD
    0x0800381c   0x0800381c   0x00000404   Code   RO         6314    i._printf_core      mc_w.l(printf8.o)
    0x08003c20   0x08003c20   0x00000024   Code   RO         6315    i._printf_post_padding  mc_w.l(printf8.o)
    0x08003c44   0x08003c44   0x0000002e   Code   RO         6316    i._printf_pre_padding  mc_w.l(printf8.o)
    0x08003c72   0x08003c72   0x0000000a   Code   RO         6318    i._sputc            mc_w.l(printf8.o)
    0x08003c7c   0x08003c7c   0x0000000a   Code   RO         5661    i._swap             gui.o
    0x08003c86   0x08003c86   0x00000002   PAD
    0x08003c88   0x08003c88   0x0000003c   Code   RO         5592    i.delay_init        lcd_delay.o
    0x08003cc4   0x08003cc4   0x00000038   Code   RO         5593    i.delay_ms          lcd_delay.o
    0x08003cfc   0x08003cfc   0x0000004c   Code   RO         5594    i.delay_us          lcd_delay.o
    0x08003d48   0x08003d48   0x0000004c   Code   RO         5595    i.delay_xms         lcd_delay.o
    0x08003d94   0x08003d94   0x0000009a   Code   RO         5662    i.gui_circle        gui.o
    0x08003e2e   0x08003e2e   0x0000003e   Code   RO         5954    i.main              main.o
    0x08003e6c   0x08003e6c   0x000000d4   Code   RO         5832    i.main_test         lcd_test.o
    0x08003f40   0x08003f40   0x00000016   Code   RO         5663    i.mypow             gui.o
    0x08003f56   0x08003f56   0x00000004   Data   RO         5431    .constdata          ft6336.o
    0x08003f5a   0x08003f5a   0x00001868   Data   RO         5664    .constdata          gui.o
    0x080057c2   0x080057c2   0x00000002   PAD
    0x080057c4   0x080057c4   0x00000c94   Data   RO         5833    .constdata          lcd_test.o
    0x08006458   0x08006458   0x00000037   Data   RO         5834    .conststring        lcd_test.o
    0x0800648f   0x0800648f   0x00000001   PAD
    0x08006490   0x08006490   0x00000020   Data   RO         6407    Region$$Table       anon$$obj.o


    Execution Region RW_IRAM1 (Exec base: 0x20000000, Load base: 0x080064b0, Size: 0x00000450, Max: 0x00020000, ABSOLUTE)

    Exec Addr    Load Addr    Size         Type   Attr      Idx    E Section Name        Object

    0x20000000   0x080064b0   0x00000006   Data   RW         5221    .data               lcd.o
    0x20000006   0x080064b6   0x00000001   Data   RW         5432    .data               ft6336.o
    0x20000007   0x080064b7   0x00000001   PAD
    0x20000008   0x080064b8   0x00000014   Data   RW         5492    .data               touch.o
    0x2000001c   0x080064cc   0x00000004   Data   RW         5596    .data               lcd_delay.o
    0x20000020   0x080064d0   0x0000001a   Data   RW         5835    .data               lcd_test.o
    0x2000003a   0x080064ea   0x00000002   PAD
    0x2000003c   0x080064ec   0x00000004   Data   RW         6092    .data               mc_w.l(rand.o)
    0x20000040        -       0x00000010   Zero   RW         5220    .bss                lcd.o
    0x20000050        -       0x00000400   Zero   RW            1    STACK               startup_stm32f40_41xxx.o


==============================================================================

Image component sizes


      Code (inc. data)   RO Data    RW Data    ZI Data      Debug   Object Name

       698        128          0          0          0       5574   ctpiic.o
       796         34          4          1          0       3418   ft6336.o
      4062        112       6248          0          0      23762   gui.o
      1528        100          0          6         16      12184   lcd.o
       268         16          0          4          0       2835   lcd_delay.o
       260         10          0          0          0       2463   lcd_spi.o
      5748       1118       3275         26          0      11022   lcd_test.o
        62          0          0          0          0        567   main.o
        40          0          0          0          0     257282   misc.o
        36          8        392          0       1024        920   startup_stm32f40_41xxx.o
       214          0          0          0          0       9119   stm32f4xx_gpio.o
        24          0          0          0          0       4108   stm32f4xx_it.o
        96         18          0          0          0       1899   stm32f4xx_rcc.o
        84          0          0          0          0      10189   stm32f4xx_spi.o
       340         32          0          0          0       1789   system_stm32f4xx.o
        32         10          0         20          0       1375   touch.o

    ----------------------------------------------------------------------
     14306       1586       9954         60       1040     348506   Object Totals
         0          0         32          0          0          0   (incl. Generated)
        18          0          3          3          0          0   (incl. Padding)

    ----------------------------------------------------------------------

      Code (inc. data)   RO Data    RW Data    ZI Data      Debug   Library Member Name

         0          0          0          0          0          0   entry.o
         0          0          0          0          0          0   entry10a.o
         0          0          0          0          0          0   entry11a.o
         4          0          0          0          0          0   entry12b.o
         8          4          0          0          0          0   entry2.o
         4          0          0          0          0          0   entry5.o
         0          0          0          0          0          0   entry7b.o
         0          0          0          0          0          0   entry8b.o
         8          4          0          0          0          0   entry9a.o
        30          0          0          0          0          0   handlers.o
        36          8          0          0          0         68   init.o
        30          0          0          0          0         68   llshl.o
        32          0          0          0          0         68   llushr.o
        36          0          0          0          0        108   memseta.o
      1160         50          0          0          0        420   printf8.o
        36         10          0          4          0        136   rand.o
        18          0          0          0          0         68   strcpy.o
        14          0          0          0          0         68   strlen.o
        98          0          0          0          0         92   uldiv.o

    ----------------------------------------------------------------------
      1516         76          0          4          0       1096   Library Totals
         2          0          0          0          0          0   (incl. Padding)

    ----------------------------------------------------------------------

      Code (inc. data)   RO Data    RW Data    ZI Data      Debug   Library Name

      1514         76          0          4          0       1096   mc_w.l

    ----------------------------------------------------------------------
      1516         76          0          4          0       1096   Library Totals

    ----------------------------------------------------------------------

==============================================================================


      Code (inc. data)   RO Data    RW Data    ZI Data      Debug   

     15822       1662       9954         64       1040     340238   Grand Totals
     15822       1662       9954         64       1040     340238   ELF Image Totals
     15822       1662       9954         64          0          0   ROM Totals

==============================================================================

    Total RO  Size (Code + RO Data)                25776 (  25.17kB)
    Total RW  Size (RW Data + ZI Data)              1104 (   1.08kB)
    Total ROM Size (Code + RO Data + RW Data)      25840 (  25.23kB)

==============================================================================

